logs -> /var/services/masuo/Dialect-MAS/logs/experiment_20261009_025422
=== 2 runs（同時 2）===
[turn] round 1 AG1 main
  id: arg-83630fb06a
Election Day should be a national holiday because the current work- and school-based schedules function as a practical barrier to voting, and a holiday would remove that scheduling friction.

First, millions of Americans face time and logistics constraints tied to jobs and classes—meaning they must vote around restrictive hours rather than in a normal, protected time window. Turning Election Day into a national holiday directly addresses that problem by guaranteeing people a day off to get to the polls or vote comfortably, so voting becomes less of a chore and more of a civic event.

Second, making Election Day a celebration rather than a workaround elevates the importance of civic participation and democracy itself, increasing the likelihood that people treat voting as an essential community activity rather than an inconvenience.

Finally, the measure has broad political and international grounding: it is supported by 71% of Democrats and 59% of Republicans, and 27 of 36 OECD countries hold elections on weekends or holidays—suggesting this approach is compatible with democratic practice at scale.

[turn] round 1 AG1 main
  id: arg-9284fa474d
{
  "Argument": {
    "rules": [
      {
        "antecedent": {
          "strong": [],
          "from_rules": [],
          "weak_negation": []
        },
        "consequent": "School and work schedules create scheduling barriers that keep millions of Americans from voting."
      },
      {
        "antecedent": {
          "strong": [
            "School and work schedules create scheduling barriers that keep millions of Americans from voting."
          ],
          "from_rules": [
            1
          ],
          "weak_negation": [
            "No evidence that Americans already have sufficient scheduling flexibility to vote without a national holiday"
          ]
        },
        "consequent": "Making Election Day a national holiday would remove or significantly reduce those scheduling barriers by giving people time off to vote."
      },
      {
        "antecedent": {
          "strong": [
            "Making Election Day a national holiday would remove or significantly reduce those scheduling barriers by giving people time off to vote."
          ],
          "from_rules": [
            2
          ],
          "weak_negation": []
        },
        "consequent": "Reducing scheduling barriers would enable more people to vote, increasing civic participation and strengthening democratic governance."
      },
      {
        "antecedent": {
          "strong": [
            "Reducing scheduling barriers would enable more people to vote, increasing civic participation and strengthening democratic governance."
          ],
          "from_rules": [
            3
          ],
          "weak_negation": []
        },
        "consequent": "Treating voting as a holiday—rather than a chore done around school and work—would elevate the importance of civic participation in public life."
      },
      {
        "antecedent": {
          "strong": [],
          "from_rules": [],
          "weak_negation": []
        },
        "consequent": "71% of Democrats and 59% of Republicans support making Election Day a national holiday."
      },
      {
        "antecedent": {
          "strong": [],
          "from_rules": [],
          "weak_negation": []
        },
        "consequent": "In 27 of 36 OECD countries, elections are held on weekends or holidays, indicating this approach is a common and workable electoral practice."
      },
      {
        "antecedent": {
          "strong": [
            "Making Election Day a national holiday would remove or significantly reduce those scheduling barriers by giving people time off to vote.",
            "Treating voting as a holiday—rather than a chore done around school and work—would elevate the importance of civic participation in public life.",
            "71% of Democrats and 59% of Republicans support making Election Day a national holiday.",
            "In 27 of 36 OECD countries, elections are held on weekends or holidays, indicating this approach is a common and workable electoral practice."
          ],
          "from_rules": [
            2,
            4,
            5,
            6
          ],
          "weak_negation": []
        },
        "consequent": "Election Day should be a national holiday in the United States."
      }
    ],
    "Conc": [
      "School and work schedules create scheduling barriers that keep millions of Americans from voting.",
      "Making Election Day a national holiday would remove or significantly reduce those scheduling barriers by giving people time off to vote.",
      "Reducing scheduling barriers would enable more people to vote, increasing civic participation and strengthening democratic governance.",
      "Treating voting as a holiday—rather than a chore done around school and work—would elevate the importance of civic participation in public life.",
      "71% of Democrats and 59% of Republicans support making Election Day a national holiday.",
      "In 27 of 36 OECD countries, elections are held on weekends or holidays, indicating this approach is a common and workable electoral practice.",
      "Election Day should be a national holiday in the United States."
    ],
    "Ass": [
      "No evidence that Americans already have sufficient scheduling flexibility to vote without a national holiday"
    ]
  }
}

[turn] round 1 AG2 defeat (undercut on Ass)
  id: arg-32b7a58bac
  target: arg-83630fb06a
  target_statement: Turning Election Day into a national holiday directly addresses that problem by guaranteeing people a day off to get to the polls or vote comfortably, so voting becomes less of a chore and more of a civic event.
A national (federal) Election Day holiday doesn’t reliably “guarantee people a day off” to vote. Federal law does not require private employers to give paid time off for holidays, so workers in retail, restaurants, gig-adjacent, and other service roles—disproportionately lower-income—would still have to work or would need to take unpaid leave. That means the holiday may reduce friction mainly for people with paid, flexible scheduling, while leaving the people most constrained by work hours facing the same barrier (or added cost).

So the key causal claim—holiday status removes the work/class scheduling barrier for the millions who need it—doesn’t follow as stated, and election-holiday proposals by themselves are not the most dependable way to improve voting access compared with reforms like state time-off requirements and automatic voter registration.

[argumentation_model] arg-32b7a58bac defeats arg-83630fb06a
  attack: undercut on Ass — "Turning Election Day into a national holiday directly addresses that problem by guaranteeing people a day off to get to the polls or vote comfortably, so voting becomes less of a chore and more of a civic event."
  → judge: undercut established: defeated
[turn] round 1 AG2 defeat (rebut on Conc)
  id: arg-089a72e864
  target: arg-9284fa474d
  target_statement: Making Election Day a national holiday would remove or significantly reduce those scheduling barriers by giving people time off to vote.
{
  "Argument": {
    "rules": [
      {
        "antecedent": {
          "strong": [],
          "from_rules": [],
          "weak_negation": []
        },
        "consequent": "Designating Election Day as a federal holiday would not legally require private employers to give workers paid time off or close their workplaces."
      },
      {
        "antecedent": {
          "strong": [
            "Designating Election Day as a federal holiday would not legally require private employers to give workers paid time off or close their workplaces."
          ],
          "from_rules": [
            1
          ],
          "weak_negation": []
        },
        "consequent": "Without a requirement for paid time off, many jobs in retail/service (and other workplaces that remain open) would still require workers to work or take leave without pay."
      },
      {
        "antecedent": {
          "strong": [
            "Without a requirement for paid time off, many jobs in retail/service (and other workplaces that remain open) would still require workers to work or take leave without pay."
          ],
          "from_rules": [
            2
          ],
          "weak_negation": []
        },
        "consequent": "Because low-income workers are more likely to be in inflexible private service/retail jobs with limited paid leave, these workers would still face scheduling barriers to voting even if Election Day were a holiday."
      },
      {
        "antecedent": {
          "strong": [
            "Because low-income workers are more likely to be in inflexible private service/retail jobs with limited paid leave, these workers would still face scheduling barriers to voting even if Election Day were a holiday."
          ],
          "from_rules": [
            3
          ],
          "weak_negation": []
        },
        "consequent": "So making Election Day a national holiday would not reliably remove or significantly reduce the scheduling barriers that prevent many people—especially low-income workers—from voting."
      }
    ],
    "Conc": [
      "Designating Election Day as a federal holiday would not legally require private employers to give workers paid time off or close their workplaces.",
      "Without a requirement for paid time off, many jobs in retail/service (and other workplaces that remain open) would still require workers to work or take leave without pay.",
      "Because low-income workers are more likely to be in inflexible private service/retail jobs with limited paid leave, these workers would still face scheduling barriers to voting even if Election Day were a holiday.",
      "So making Election Day a national holiday would not reliably remove or significantly reduce the scheduling barriers that prevent many people—especially low-income workers—from voting."
    ],
    "Ass": []
  }
}

[argumentation_model] arg-089a72e864 defeats arg-9284fa474d
  attack: rebut on Conc — "Making Election Day a national holiday would remove or significantly reduce those scheduling barriers by giving people time off to vote."
  rebut established — checking whether arg-9284fa474d already undercuts arg-089a72e864
  → target does not undercut the rebut: rebut succeeds, defeated
[turn] round 1 AG2 main
  id: arg-33cb7ee05f
Making Election Day a national (federal) holiday is likely to *disadvantage* low-income workers because holiday status does not automatically translate into *paid* time off.

1) Federal holiday status affects the calendar, but it does not require private employers to give paid leave. In practice, many workers—especially in retail, restaurants, and other service jobs that are less likely to offer paid holidays—cannot simply “take the day” without losing income or risking job consequences.

2) That creates an unequal tradeoff: higher-income workers who can take the day off (paid or with flexible schedules) face lower costs, while lower-income workers may face real economic pressure to vote during constrained hours, take unpaid leave, or miss opportunities.

3) Because this reform can shift the cost of voting onto those least able to absorb it, it is not an equitable way to reduce barriers to voting.

4) And since research (as a general rule) does not show that an election-day holiday *by itself* reliably increases turnout compared with other voting-access reforms, the potential benefit—slightly reducing scheduling friction for those with flexibility—doesn’t justify the risk of worsening inequity for workers with the highest constraints.

Therefore, Election Day should *not* be a national holiday; improving voter access should focus on more reliable approaches like state-level voting time-off requirements and automatic voter registration, rather than calendar changes that don’t guarantee paid, workable time to vote.

[turn] round 1 AG1 counter (rebut on Conc)
  id: arg-f1f85cfb44
  target: arg-089a72e864
  target_statement: So making Election Day a national holiday would not reliably remove or significantly reduce the scheduling barriers that prevent many people—especially low-income workers—from voting.
{
  "Argument": {
    "rules": [
      {
        "antecedent": {
          "strong": [],
          "from_rules": [],
          "weak_negation": []
        },
        "consequent": "When a day is designated as a federal holiday, public institutions typically close and many employers adjust schedules or grant leave even without a legal requirement to do so."
      },
      {
        "antecedent": {
          "strong": [
            "When a day is designated as a federal holiday, public institutions typically close and many employers adjust schedules or grant leave even without a legal requirement to do so."
          ],
          "from_rules": [
            1
          ],
          "weak_negation": []
        },
        "consequent": "Therefore, designating Election Day as a federal holiday would reduce the share of workers who must work during typical voting times, lowering scheduling barriers to voting."
      },
      {
        "antecedent": {
          "strong": [
            "Therefore, designating Election Day as a federal holiday would reduce the share of workers who must work during typical voting times, lowering scheduling barriers to voting."
          ],
          "from_rules": [
            2
          ],
          "weak_negation": []
        },
        "consequent": "Because the holiday changes what work is actually scheduled for many jobs, it would make voting feasible for more people even when paid time off is not guaranteed by law."
      },
      {
        "antecedent": {
          "strong": [
            "Because the holiday changes what work is actually scheduled for many jobs, it would make voting feasible for more people even when paid time off is not guaranteed by law."
          ],
          "from_rules": [
            3
          ],
          "weak_negation": []
        },
        "consequent": "So making Election Day a national holiday would reliably remove or significantly reduce the scheduling barriers that prevent many people—especially including low-income workers—from voting."
      }
    ],
    "Conc": [
      "When a day is designated as a federal holiday, public institutions typically close and many employers adjust schedules or grant leave even without a legal requirement to do so.",
      "Therefore, designating Election Day as a federal holiday would reduce the share of workers who must work during typical voting times, lowering scheduling barriers to voting.",
      "Because the holiday changes what work is actually scheduled for many jobs, it would make voting feasible for more people even when paid time off is not guaranteed by law.",
      "So making Election Day a national holiday would reliably remove or significantly reduce the scheduling barriers that prevent many people—especially including low-income workers—from voting."
    ],
    "Ass": []
  }
}

[argumentation_model] arg-f1f85cfb44 defeats arg-089a72e864
  attack: rebut on Conc — "So making Election Day a national holiday would not reliably remove or significantly reduce the scheduling barriers that prevent many people—especially low-income workers—from voting."
  rebut established — checking whether arg-089a72e864 already undercuts arg-f1f85cfb44
  → target does not undercut the rebut: rebut succeeds, defeated
[turn] round 1 AG1 defeat (rebut on Conc)
  id: arg-6fb5823ae1
  target: arg-33cb7ee05f
  target_statement: Making Election Day a national (federal) holiday is likely to *disadvantage* low-income workers because holiday status does not automatically translate into *paid* time off.
The claim that an Election Day national holiday would *likely disadvantage* low-income workers because holiday status doesn’t guarantee *paid* time off is too narrow: it assumes the only relevant constraint is whether employers must pay for time.

But the real barrier I focus on is scheduling friction from jobs *and* school routines. A national holiday changes the calendar in ways that matter to access even when paid leave isn’t legally required—for example, schools/daycare and other education-linked schedules are much more likely to be closed, and households often have coordination constraints (parents must be able to get to the polls during normal voting hours without disrupting children’s schooling). For many low-income voters, being able to vote without colliding with school obligations and tightly timed work coverage reduces the “when can I realistically vote?” problem.

So the holiday need not “guarantee paid time off” to reduce the practical work-and-school constraints that keep millions from voting; it can still make voting less of a logistical chore for the people with the least scheduling flexibility.

And beyond mechanics, this policy approach has broad democratic backing (71% of Democrats, 59% of Republicans) and aligns with common democratic practice (27 of 36 OECD countries holding elections on weekends or holidays), which undercuts the idea that the holiday concept inherently harms those with the highest constraints.

[argumentation_model] arg-6fb5823ae1 defeats arg-33cb7ee05f
  attack: rebut on Conc — "Making Election Day a national (federal) holiday is likely to *disadvantage* low-income workers because holiday status does not automatically translate into *paid* time off."
  rebut established — checking whether arg-33cb7ee05f already undercuts arg-6fb5823ae1
  → target does not undercut the rebut: rebut succeeds, defeated
[turn] round 1 AG2 main
  id: arg-16a7d2a23d
{
  "Argument": {
    "rules": [
      {
        "antecedent": {
          "strong": [],
          "from_rules": [],
          "weak_negation": [
            "No evidence that a standalone election-day holiday (without additional voting-access reforms) produces large turnout gains in practice."
          ]
        },
        "consequent": "Research indicates that having an election-day holiday by itself is not an effective strategy for increasing voter turnout compared to other voting-access reforms."
      },
      {
        "antecedent": {
          "strong": [
            "Research indicates that having an election-day holiday by itself is not an effective strategy for increasing voter turnout compared to other voting-access reforms."
          ],
          "from_rules": [
            1
          ],
          "weak_negation": []
        },
        "consequent": "If a policy change does not effectively increase turnout on its own, then making it a central national solution is a weak approach when more reliable reforms are available."
      },
      {
        "antecedent": {
          "strong": [],
          "from_rules": [],
          "weak_negation": []
        },
        "consequent": "Changing state laws that require employer time-off for voting and implementing automatic voter registration directly reduce specific participation barriers (time-to-vote and registration friction) that a holiday alone may not adequately solve."
      },
      {
        "antecedent": {
          "strong": [
            "Changing state laws that require employer time-off for voting and implementing automatic voter registration directly reduce specific participation barriers (time-to-vote and registration friction) that a holiday alone may not adequately solve."
          ],
          "from_rules": [
            3
          ],
          "weak_negation": []
        },
        "consequent": "Because low-income workers are more affected by unresolved time-to-vote and registration barriers, targeted reforms that directly address those barriers are more likely to improve access for them than relying on a holiday alone."
      },
      {
        "antecedent": {
          "strong": [
            "Research indicates that having an election-day holiday by itself is not an effective strategy for increasing voter turnout compared to other voting-access reforms.",
            "If a policy change does not effectively increase turnout on its own, then making it a central national solution is a weak approach when more reliable reforms are available.",
            "Because low-income workers are more affected by unresolved time-to-vote and registration barriers, targeted reforms that directly address those barriers are more likely to improve access for them than relying on a holiday alone."
          ],
          "from_rules": [
            1,
            2,
            4
          ],
          "weak_negation": []
        },
        "consequent": "Therefore, making Election Day a national holiday is less reliable than targeted voting-access reforms and can disadvantage low-income workers relative to those alternatives."
      },
      {
        "antecedent": {
          "strong": [
            "If a policy change does not effectively increase turnout on its own, then making it a central national solution is a weak approach when more reliable reforms are available.",
            "Therefore, making Election Day a national holiday is less reliable than targeted voting-access reforms and can disadvantage low-income workers relative to those alternatives."
          ],
          "from_rules": [
            2,
            5
          ],
          "weak_negation": []
        },
        "consequent": "Election Day should not be made a national holiday; policymakers should prioritize more reliable approaches such as state employer voting-leave requirements and automatic voter registration."
      }
    ],
    "Conc": [
      "Research indicates that having an election-day holiday by itself is not an effective strategy for increasing voter turnout compared to other voting-access reforms.",
      "If a policy change does not effectively increase turnout on its own, then making it a central national solution is a weak approach when more reliable reforms are available.",
      "Changing state laws that require employer time-off for voting and implementing automatic voter registration directly reduce specific participation barriers (time-to-vote and registration friction) that a holiday alone may not adequately solve.",
      "Because low-income workers are more affected by unresolved time-to-vote and registration barriers, targeted reforms that directly address those barriers are more likely to improve access for them than relying on a holiday alone.",
      "Therefore, making Election Day a national holiday is less reliable than targeted voting-access reforms and can disadvantage low-income workers relative to those alternatives.",
      "Election Day should not be made a national holiday; policymakers should prioritize more reliable approaches such as state employer voting-leave requirements and automatic voter registration."
    ],
    "Ass": [
      "No evidence that a standalone election-day holiday (without additional voting-access reforms) produces large turnout gains in practice."
    ]
  }
}

[turn] round 1 AG2 counter (rebut on Conc)
  id: arg-a66288b62c
  target: arg-6fb5823ae1
  target_statement: So the holiday need not “guarantee paid time off” to reduce the practical work-and-school constraints that keep millions from voting; it can still make voting less of a logistical chore for the people with the least scheduling flexibility.
A national holiday may close schools/daycare, but that does not remove the binding constraint for many low-income voters: their work schedules. Since federal holiday status doesn’t require private employers to give paid time off, a large share of low-income parents still must work on Election Day.

When that happens, school closure can *increase* practical barriers rather than reduce them: parents must arrange daytime childcare/coverage for children while also being at work, which is a real coordination constraint and can impose extra cost or job-risk. So the claimed “work-and-school collisions” being alleviated by the holiday doesn’t follow—without guaranteed employer time (or required voting leave), the holiday can leave low-income households with either inadequate daytime availability to vote or added childcare/coverage problems that undercut the supposed benefit.

[argumentation_model] arg-a66288b62c defeats arg-6fb5823ae1
  attack: rebut on Conc — "So the holiday need not “guarantee paid time off” to reduce the practical work-and-school constraints that keep millions from voting; it can still make voting less of a logistical chore for the people with the least scheduling flexibility."
  rebut established — checking whether arg-6fb5823ae1 already undercuts arg-a66288b62c
  → target does not undercut the rebut: rebut succeeds, defeated
[turn] round 1 AG1 defeat (rebut on Conc)
  id: arg-4a36bb7eb8
  target: arg-16a7d2a23d
  target_statement: Research indicates that having an election-day holiday by itself is not an effective strategy for increasing voter turnout compared to other voting-access reforms.
{
  "Argument": {
    "rules": [
      {
        "antecedent": {
          "strong": [],
          "from_rules": [],
          "weak_negation": []
        },
        "consequent": "School and work schedules create scheduling barriers that keep millions of Americans from voting."
      },
      {
        "antecedent": {
          "strong": [
            "School and work schedules create scheduling barriers that keep millions of Americans from voting."
          ],
          "from_rules": [
            1
          ],
          "weak_negation": []
        },
        "consequent": "When a day is designated as a federal holiday, public institutions typically close and many employers adjust schedules or grant leave, giving many people time that overlaps voting."
      },
      {
        "antecedent": {
          "strong": [
            "When a day is designated as a federal holiday, public institutions typically close and many employers adjust schedules or grant leave, giving many people time that overlaps voting."
          ],
          "from_rules": [
            2
          ],
          "weak_negation": []
        },
        "consequent": "Because the holiday changes what work is scheduled during typical voting times, it reduces the scheduling barriers that prevent people from voting."
      },
      {
        "antecedent": {
          "strong": [
            "Because the holiday changes what work is scheduled during typical voting times, it reduces the scheduling barriers that prevent people from voting."
          ],
          "from_rules": [
            3
          ],
          "weak_negation": []
        },
        "consequent": "When scheduling barriers are reduced, more eligible people are able to cast ballots, increasing voter turnout."
      },
      {
        "antecedent": {
          "strong": [
            "When scheduling barriers are reduced, more eligible people are able to cast ballots, increasing voter turnout."
          ],
          "from_rules": [
            4
          ],
          "weak_negation": []
        },
        "consequent": "Therefore, making Election Day a national holiday by itself is an effective strategy for increasing voter turnout."
      }
    ],
    "Conc": [
      "School and work schedules create scheduling barriers that keep millions of Americans from voting.",
      "When a day is designated as a federal holiday, public institutions typically close and many employers adjust schedules or grant leave, giving many people time that overlaps voting.",
      "Because the holiday changes what work is scheduled during typical voting times, it reduces the scheduling barriers that prevent people from voting.",
      "When scheduling barriers are reduced, more eligible people are able to cast ballots, increasing voter turnout.",
      "Therefore, making Election Day a national holiday by itself is an effective strategy for increasing voter turnout."
    ],
    "Ass": []
  }
}

[argumentation_model] arg-4a36bb7eb8 defeats arg-16a7d2a23d
  attack: rebut on Conc — "Research indicates that having an election-day holiday by itself is not an effective strategy for increasing voter turnout compared to other voting-access reforms."
  rebut established — checking whether arg-16a7d2a23d already undercuts arg-4a36bb7eb8
  → target does not undercut the rebut: rebut succeeds, defeated
[turn] round 2 AG1 main
  id: arg-329d4a9506
Election Day should be a national holiday because, in practice, a true calendar shift changes the *whole scheduling environment*—not just the legal status of the day—so the people most constrained by school/work hours are more likely to have a workable time window to vote.

1) The core barrier isn’t merely “paid leave,” it’s that many voters’ options are pinned to fixed school and job timetables. A federal Election Day holiday would prompt broad adjustments across the same systems that constrain people—schools/daycare schedules and many employers’ operating hours—so voting stops competing with the same fixed routines and becomes possible during the day (or at predictable times) rather than requiring an exception.

2) This directly undercuts the “it won’t help low-income workers” critique: even without a statutory requirement that every private employer pay holiday wages, holiday observance typically reshapes staffing and scheduling. That makes it *more* likely that constrained workers get either the day off or a predictable window to vote—reducing real scheduling friction for the people who otherwise have the hardest time finding when they can actually cast a ballot.

3) The holiday also does more than change dates: it makes voting socially and civically salient. Treating Election Day as a community event (not a chore) encourages “vote as participation” norms—through schools, local organizations, and civic messaging—so voting is experienced less as an inconvenience and more as a shared civic responsibility.

4) Finally, the proposal is broadly normed and feasible: it has 71% support among Democrats and 59% among Republicans, and 27 of 36 OECD countries hold elections on weekends or holidays.

Given these expected effects—(a) meaningful reduction in real scheduling barriers for constrained voters through coordinated day-wide scheduling, (b) increased civic salience by turning voting into a celebration, and (c) broad political and international feasibility—Election Day should be a national holiday.

[turn] round 1 AG2 counter (rebut on Conc)
  id: arg-689214fb97
  target: arg-4a36bb7eb8
  target_statement: Therefore, making Election Day a national holiday by itself is an effective strategy for increasing voter turnout.
{
  "Argument": {
    "rules": [
      {
        "antecedent": {
          "strong": [],
          "from_rules": [],
          "weak_negation": []
        },
        "consequent": "Many eligible voters can already cast ballots before Election Day through early in-person voting and/or absentee/mail voting."
      },
      {
        "antecedent": {
          "strong": [
            "Many eligible voters can already cast ballots before Election Day through early in-person voting and/or absentee/mail voting."
          ],
          "from_rules": [
            1
          ],
          "weak_negation": []
        },
        "consequent": "Therefore, an Election Day holiday affects a smaller portion of nonvoters than the claim that scheduling barriers on the day itself keep “millions” from voting implies."
      },
      {
        "antecedent": {
          "strong": [
            "Therefore, an Election Day holiday affects a smaller portion of nonvoters than the claim that scheduling barriers on the day itself keep “millions” from voting implies."
          ],
          "from_rules": [
            2
          ],
          "weak_negation": []
        },
        "consequent": "An Election Day holiday by itself does not directly change administrative and eligibility barriers to voting (e.g., registration requirements and related processes), so it only addresses one narrow category of access problems."
      },
      {
        "antecedent": {
          "strong": [
            "An Election Day holiday by itself does not directly change administrative and eligibility barriers to voting (e.g., registration requirements and related processes), so it only addresses one narrow category of access problems."
          ],
          "from_rules": [
            3
          ],
          "weak_negation": []
        },
        "consequent": "When a policy targets only a limited subset of the barriers that keep eligible people from voting, it is unlikely to produce large turnout gains on its own."
      },
      {
        "antecedent": {
          "strong": [
            "When a policy targets only a limited subset of the barriers that keep eligible people from voting, it is unlikely to produce large turnout gains on its own."
          ],
          "from_rules": [
            4
          ],
          "weak_negation": []
        },
        "consequent": "Therefore, making Election Day a national holiday by itself is not an effective strategy for increasing voter turnout."
      }
    ],
    "Conc": [
      "Many eligible voters can already cast ballots before Election Day through early in-person voting and/or absentee/mail voting.",
      "Therefore, an Election Day holiday affects a smaller portion of nonvoters than the claim that scheduling barriers on the day itself keep “millions” from voting implies.",
      "An Election Day holiday by itself does not directly change administrative and eligibility barriers to voting (e.g., registration requirements and related processes), so it only addresses one narrow category of access problems.",
      "When a policy targets only a limited subset of the barriers that keep eligible people from voting, it is unlikely to produce large turnout gains on its own.",
      "Therefore, making Election Day a national holiday by itself is not an effective strategy for increasing voter turnout."
    ],
    "Ass": []
  }
}

[argumentation_model] arg-689214fb97 defeats arg-4a36bb7eb8
  attack: rebut on Conc — "Therefore, making Election Day a national holiday by itself is an effective strategy for increasing voter turnout."
[turn] round 2 AG2 defeat (rebut on Conc)
  id: arg-1cc9f6674f
  target: arg-329d4a9506
  target_statement: That makes it *more* likely that constrained workers get either the day off or a predictable window to vote—reducing real scheduling friction for the people who otherwise have the hardest time finding when they can actually cast a ballot.
The target’s causal mechanism depends on a presumption that a “true calendar shift” will, in practice, change the *scheduling reality* for the people who are most constrained.

But federal Election Day holiday status does not obligate private employers to give paid leave or to close. For many low-income workers in retail, restaurants, and other service roles, that means they still work on Election Day—or face the need to seek unpaid time with real economic/job risk. So the idea that the holiday “prompts broad adjustments” that make it “more likely” constrained workers get a day off or a predictable window does not follow reliably from making the day a holiday.

In short: without mandatory voting leave/time-off, a holiday can alter calendars more for employers/systems that already have flexibility, while leaving the most schedule-bound workers with the same (or worse) constraints—contradicting the target’s central claim about guaranteed scheduling-environment benefits.

[argumentation_model] arg-1cc9f6674f defeats arg-329d4a9506
  attack: rebut on Conc — "That makes it *more* likely that constrained workers get either the day off or a predictable window to vote—reducing real scheduling friction for the people who otherwise have the hardest time finding when they can actually cast a ballot."
  rebut established — checking whether arg-4a36bb7eb8 already undercuts arg-689214fb97
  → target does not undercut the rebut: rebut succeeds, defeated
  rebut established — checking whether arg-329d4a9506 already undercuts arg-1cc9f6674f
  → target does not undercut the rebut: rebut succeeds, defeated
[turn] round 2 AG1 main
  id: arg-db0e960b78
{
  "Argument": {
    "rules": [
      {
        "antecedent": {
          "strong": [],
          "from_rules": [],
          "weak_negation": []
        },
        "consequent": "School and work demands create time conflicts that deter millions of Americans from voting."
      },
      {
        "antecedent": {
          "strong": [],
          "from_rules": [],
          "weak_negation": [
            "No evidence that poll-worker availability would not improve when Election Day is treated as a major holiday."
          ]
        },
        "consequent": "Designating Election Day as a federal holiday increases the availability of poll workers and election personnel."
      },
      {
        "antecedent": {
          "strong": [
            "Designating Election Day as a federal holiday increases the availability of poll workers and election personnel."
          ],
          "from_rules": [
            2
          ],
          "weak_negation": []
        },
        "consequent": "Greater poll-worker availability reduces wait times and helps polling places operate with sufficient staffing across voting hours."
      },
      {
        "antecedent": {
          "strong": [
            "Greater poll-worker availability reduces wait times and helps polling places operate with sufficient staffing across voting hours."
          ],
          "from_rules": [
            3
          ],
          "weak_negation": []
        },
        "consequent": "Lower wait times and more robust polling operations make voting easier for people who cannot easily take paid time off (including many low-income shift workers)."
      },
      {
        "antecedent": {
          "strong": [
            "School and work demands create time conflicts that deter millions of Americans from voting."
          ],
          "from_rules": [
            1
          ],
          "weak_negation": [
            "No evidence that school/workplace closures and schedule reductions around federal holidays would fail to give many voters time overlapping voting hours."
          ]
        },
        "consequent": "A national Election Day holiday reduces the scheduling conflict by causing many schools/workplaces to close or run on reduced schedules, giving people time that overlaps with voting."
      },
      {
        "antecedent": {
          "strong": [],
          "from_rules": [],
          "weak_negation": []
        },
        "consequent": "Treating voting as a holiday/civic celebration—rather than a chore squeezed around school and work—raises the perceived importance of participation and motivates action."
      },
      {
        "antecedent": {
          "strong": [],
          "from_rules": [],
          "weak_negation": []
        },
        "consequent": "There is substantial political and cross-national precedent for election-day holidays, indicating they are feasible and socially accepted."
      },
      {
        "antecedent": {
          "strong": [
            "Lower wait times and more robust polling operations make voting easier for people who cannot easily take paid time off (including many low-income shift workers).",
            "A national Election Day holiday reduces the scheduling conflict by causing many schools/workplaces to close or run on reduced schedules, giving people time that overlaps with voting.",
            "Treating voting as a holiday/civic celebration—rather than a chore squeezed around school and work—raises the perceived importance of participation and motivates action.",
            "There is substantial political and cross-national precedent for election-day holidays, indicating they are feasible and socially accepted."
          ],
          "from_rules": [
            4,
            5,
            6,
            7
          ],
          "weak_negation": []
        },
        "consequent": "Election Day should be a national holiday in the United States."
      }
    ],
    "Conc": [
      "School and work demands create time conflicts that deter millions of Americans from voting.",
      "Designating Election Day as a federal holiday increases the availability of poll workers and election personnel.",
      "Greater poll-worker availability reduces wait times and helps polling places operate with sufficient staffing across voting hours.",
      "Lower wait times and more robust polling operations make voting easier for people who cannot easily take paid time off (including many low-income shift workers).",
      "A national Election Day holiday reduces the scheduling conflict by causing many schools/workplaces to close or run on reduced schedules, giving people time that overlaps with voting.",
      "Treating voting as a holiday/civic celebration—rather than a chore squeezed around school and work—raises the perceived importance of participation and motivates action.",
      "There is substantial political and cross-national precedent for election-day holidays, indicating they are feasible and socially accepted.",
      "Election Day should be a national holiday in the United States."
    ],
    "Ass": [
      "No evidence that poll-worker availability would not improve when Election Day is treated as a major holiday.",
      "No evidence that school/workplace closures and schedule reductions around federal holidays would fail to give many voters time overlapping voting hours."
    ]
  }
}

[turn] round 2 AG2 main
  id: arg-e70e0dd032
Election Day should not be a national holiday because, in expectation, it is a blunt calendar change that does not reliably translate into *workable time to vote* for the people most constrained by school/work hours—and research by itself finds election-day holidays aren’t a dependable turnout strategy.

1) A holiday changes the date, not the employer rule.
If the reform is only “make Election Day a federal holiday,” it still does not create an enforceable right to voting time for workers at private businesses. So the people with the hardest-to-adjust schedules (disproportionately low-income workers in shift-based service work) are exactly the ones for whom a calendar change is least likely to produce a real, workable voting window.

2) The key barrier is *voting time*, not “being able to observe a holiday.”
Even if some schools/households coordinate around a holiday, many constrained workers remain bound to shifts; therefore the holiday can leave the same scheduling bottleneck intact while shifting the cost of voting decisions (e.g., losing income or trying to vote around a shift) onto those least able to absorb it.

3) Civic salience and cross-party appeal don’t fix the reliability problem.
Even if treating Election Day as a civic event has symbolic benefits, the best available evidence as a general rule is that an election-day holiday by itself is not an effective strategy to increase turnout compared to other voting-access reforms.

4) More reliable reforms directly target the constraints.
State laws requiring employer time-off specifically for voting, and automatic voter registration, are more dependable because they are designed to reduce the actual bottlenecks—time to vote and administrative friction—rather than hoping a single-day calendar change will yield workable access.

Therefore, Election Day should not be a national holiday; improving voting access should rely on state-level voting time-off requirements and automatic voter registration instead.

[turn] round 2 AG2 defeat (rebut on Conc)
  id: arg-dd62a04254
  target: arg-db0e960b78
  target_statement: There is substantial political and cross-national precedent for election-day holidays, indicating they are feasible and socially accepted.
{
  "Argument": {
    "rules": [
      {
        "antecedent": {
          "strong": [],
          "from_rules": [],
          "weak_negation": []
        },
        "consequent": "Having an election-day holiday by itself is not an effective strategy for increasing voter turnout compared to other voting-access reforms."
      },
      {
        "antecedent": {
          "strong": [
            "Having an election-day holiday by itself is not an effective strategy for increasing voter turnout compared to other voting-access reforms."
          ],
          "from_rules": [
            1
          ],
          "weak_negation": []
        },
        "consequent": "So, even if other countries or political actors treat election-day holidays as feasible and socially accepted, that precedent does not show the US federal holiday would reliably improve voting access."
      },
      {
        "antecedent": {
          "strong": [],
          "from_rules": [],
          "weak_negation": []
        },
        "consequent": "A federal Election Day holiday would not legally require private employers to give workers paid time off or close their workplaces."
      },
      {
        "antecedent": {
          "strong": [
            "A federal Election Day holiday would not legally require private employers to give workers paid time off or close their workplaces."
          ],
          "from_rules": [
            3
          ],
          "weak_negation": []
        },
        "consequent": "Because low-income voters are more likely to be in inflexible private retail/service jobs with limited paid leave, time barriers to voting can persist even with a holiday."
      },
      {
        "antecedent": {
          "strong": [
            "So, even if other countries or political actors treat election-day holidays as feasible and socially accepted, that precedent does not show the US federal holiday would reliably improve voting access.",
            "Because low-income voters are more likely to be in inflexible private retail/service jobs with limited paid leave, time barriers to voting can persist even with a holiday."
          ],
          "from_rules": [
            2,
            4
          ],
          "weak_negation": []
        },
        "consequent": "Therefore, political and cross-national precedent does not indicate that making Election Day a national holiday is reliably feasible and socially accepted as a voting-access policy."
      }
    ],
    "Conc": [
      "Having an election-day holiday by itself is not an effective strategy for increasing voter turnout compared to other voting-access reforms.",
      "So, even if other countries or political actors treat election-day holidays as feasible and socially accepted, that precedent does not show the US federal holiday would reliably improve voting access.",
      "A federal Election Day holiday would not legally require private employers to give workers paid time off or close their workplaces.",
      "Because low-income voters are more likely to be in inflexible private retail/service jobs with limited paid leave, time barriers to voting can persist even with a holiday.",
      "Therefore, political and cross-national precedent does not indicate that making Election Day a national holiday is reliably feasible and socially accepted as a voting-access policy."
    ],
    "Ass": []
  }
}

[argumentation_model] arg-dd62a04254 defeats arg-db0e960b78
  attack: rebut on Conc — "There is substantial political and cross-national precedent for election-day holidays, indicating they are feasible and socially accepted."
  rebut established — checking whether arg-db0e960b78 already undercuts arg-dd62a04254
  → target does not undercut the rebut: rebut succeeds, defeated
[turn] round 2 AG1 defeat (rebut on Conc)
  id: arg-147e18341f
  target: arg-e70e0dd032
  target_statement: Election Day should not be a national holiday because, in expectation, it is a blunt calendar change that does not reliably translate into *workable time to vote* for the people most constrained by school/work hours—and research by itself finds election-day holidays aren’t a dependable turnout strategy.
A national Election Day holiday would not be a “blunt” calendar change that leaves the hardest-to-adjust voters stuck with the same workable-time problem. In practice, making the day an official holiday changes the scheduling environment for exactly the work-and-school routines that constrain voters: schools/daycare and related household schedules often close, and many employers’ staffing and operating hours adjust to holiday observance. That produces more predictable daytime access and reduces the real collision between “when you’re available” and “when you can realistically vote,” including for many low-income parents whose binding constraints are coordination with fixed school/work timetables.

More importantly, the target frames the issue as if the only mechanism were a legal, enforceable employer obligation for paid time off. But the practical barrier is whether people can actually cast a ballot during ordinary voting conditions; calendar-level holiday status can reduce that friction through broad scheduling adjustments even without every employer being required to pay. So the expectation that election-day holidays won’t reliably translate into workable voting time is overstated.

[argumentation_model] arg-147e18341f defeats arg-e70e0dd032
  attack: rebut on Conc — "Election Day should not be a national holiday because, in expectation, it is a blunt calendar change that does not reliably translate into *workable time to vote* for the people most constrained by school/work hours—and research by itself finds election-day holidays aren’t a dependable turnout strategy."
  rebut established — checking whether arg-e70e0dd032 already undercuts arg-147e18341f
  → target does not undercut the rebut: rebut succeeds, defeated
[turn] round 3 AG1 main
  id: arg-bacf8fcd59
Election Day should be a national holiday because shifting it to a holiday can reduce the *real* scheduling barrier—whether people can physically cast a ballot during overlapping, workable hours—without requiring every employer to provide paid time off.

1) The practical bottleneck is “availability overlap,” not whether the day is legally labeled a holiday. Many low-income voters are bound to fixed shifts; if polls are open only during their working hours, they still face the barrier even when the calendar is a holiday.

2) A holiday can change election administration in a day-wide way that directly creates that overlap. With the day designated as a national holiday, election officials can more credibly staff and operate polling places on a holiday schedule—expanding feasible polling hours and increasing coverage (e.g., more accessible voting times across the day). That means shift-based workers have a realistic chance to vote either before/after their shifts or during additional daytime windows created by longer or more widely supported polling hours.

3) This directly answers the “no guaranteed paid leave” critique: the mechanism here doesn’t depend on employers granting time off. It depends on making the polling process align better with voters’ constrained schedules—so the change is more likely to *help* the people who are least able to absorb lost income.

4) Beyond logistics, treating Election Day as a civic celebration (rather than a chore) increases civic salience—encouraging “vote as participation” norms through schools and community organizations.

5) The proposal is also broadly feasible and widely normed: 71% of Democrats and 59% of Republicans support it, and 27 of 36 OECD countries hold elections on weekends or holidays.

Because a holiday can credibly improve *workable voting access* by expanding and stabilizing the day’s voting options (not just changing the label of the day), it should be adopted as a national holiday.

[turn] round 2 AG2 main
  id: arg-743a899d08
{
  "Argument": {
    "rules": [
      {
        "antecedent": {
          "strong": [],
          "from_rules": [],
          "weak_negation": []
        },
        "consequent": "Low-income voters in inflexible private-sector jobs face a cost/time barrier when they cannot reliably take paid time off on election day."
      },
      {
        "antecedent": {
          "strong": [
            "Low-income voters in inflexible private-sector jobs face a cost/time barrier when they cannot reliably take paid time off on election day."
          ],
          "from_rules": [
            1
          ],
          "weak_negation": []
        },
        "consequent": "A federal Election Day holiday does not, by itself, legally require private employers to give paid time off or close, so many retail/service workers would still have to work or would only be able to vote via unpaid leave."
      },
      {
        "antecedent": {
          "strong": [
            "Low-income voters in inflexible private-sector jobs face a cost/time barrier when they cannot reliably take paid time off on election day.",
            "A federal Election Day holiday does not, by itself, legally require private employers to give paid time off or close, so many retail/service workers would still have to work or would only be able to vote via unpaid leave."
          ],
          "from_rules": [
            1,
            2
          ],
          "weak_negation": []
        },
        "consequent": "Because the holiday does not reliably solve the paid-time-off constraint, Election Day holiday status alone often leaves the core cost/time barrier for low-income voters unresolved."
      },
      {
        "antecedent": {
          "strong": [],
          "from_rules": [],
          "weak_negation": [
            "No evidence that a holiday-only policy produces large turnout gains relative to other reforms."
          ]
        },
        "consequent": "Evidence indicates that an election-day holiday by itself is not an effective turnout strategy compared to more targeted voting-access reforms."
      },
      {
        "antecedent": {
          "strong": [
            "Because the holiday does not reliably solve the paid-time-off constraint, Election Day holiday status alone often leaves the core cost/time barrier for low-income voters unresolved.",
            "Evidence indicates that an election-day holiday by itself is not an effective turnout strategy compared to more targeted voting-access reforms."
          ],
          "from_rules": [
            3,
            4
          ],
          "weak_negation": []
        },
        "consequent": "State reforms such as employer voting-leave requirements (and/or automatic voter registration) are more reliable because they directly change employer obligations and/or registration processes rather than relying on discretionary workplace scheduling around a holiday."
      },
      {
        "antecedent": {
          "strong": [
            "State reforms such as employer voting-leave requirements (and/or automatic voter registration) are more reliable because they directly change employer obligations and/or registration processes rather than relying on discretionary workplace scheduling around a holiday."
          ],
          "from_rules": [
            5
          ],
          "weak_negation": []
        },
        "consequent": "Election Day should not be made a national holiday; policymakers should prioritize more reliable targeted state reforms."
      }
    ],
    "Conc": [
      "Low-income voters in inflexible private-sector jobs face a cost/time barrier when they cannot reliably take paid time off on election day.",
      "A federal Election Day holiday does not, by itself, legally require private employers to give paid time off or close, so many retail/service workers would still have to work or would only be able to vote via unpaid leave.",
      "Because the holiday does not reliably solve the paid-time-off constraint, Election Day holiday status alone often leaves the core cost/time barrier for low-income voters unresolved.",
      "Evidence indicates that an election-day holiday by itself is not an effective turnout strategy compared to more targeted voting-access reforms.",
      "State reforms such as employer voting-leave requirements (and/or automatic voter registration) are more reliable because they directly change employer obligations and/or registration processes rather than relying on discretionary workplace scheduling around a holiday.",
      "Election Day should not be made a national holiday; policymakers should prioritize more reliable targeted state reforms."
    ],
    "Ass": [
      "No evidence that a holiday-only policy produces large turnout gains relative to other reforms."
    ]
  }
}

[system] log saved -> /var/services/masuo/Dialect-MAS/logs/experiment_20261009_025422/turns10/raw_dialogue/Elections_Presidents/election_day/01_no_schema_20261009_025818_961082.json
[turn] round 2 AG1 defeat (rebut on Conc)
  id: arg-3fc802e146
  target: arg-743a899d08
  target_statement: Because the holiday does not reliably solve the paid-time-off constraint, Election Day holiday status alone often leaves the core cost/time barrier for low-income voters unresolved.
{
  "Argument": {
    "rules": [
      {
        "antecedent": {
          "strong": [],
          "from_rules": [],
          "weak_negation": []
        },
        "consequent": "School and work schedules create time conflicts that deter millions of Americans from voting."
      },
      {
        "antecedent": {
          "strong": [
            "School and work schedules create time conflicts that deter millions of Americans from voting."
          ],
          "from_rules": [
            1
          ],
          "weak_negation": [
            "No evidence that schools/workplaces would not close or run reduced schedules when Election Day is designated as a major federal holiday.",
            "No evidence that many employers would not adjust shifts or grant leave in response to a federal holiday."
          ]
        },
        "consequent": "When Election Day is designated as a major federal holiday, many schools/workplaces close or run reduced schedules, and many employers adjust shifts or grant leave—giving workers time that overlaps with voting hours."
      },
      {
        "antecedent": {
          "strong": [
            "When Election Day is designated as a major federal holiday, many schools/workplaces close or run reduced schedules, and many employers adjust shifts or grant leave—giving workers time that overlaps with voting hours."
          ],
          "from_rules": [
            2
          ],
          "weak_negation": []
        },
        "consequent": "Because many low-income shift workers would gain overlapping time to vote through those schedule changes, the core cost/time barrier is reduced for many people rather than being left to be solved only via unpaid absence."
      },
      {
        "antecedent": {
          "strong": [
            "Because many low-income shift workers would gain overlapping time to vote through those schedule changes, the core cost/time barrier is reduced for many people rather than being left to be solved only via unpaid absence."
          ],
          "from_rules": [
            3
          ],
          "weak_negation": []
        },
        "consequent": "A national Election Day holiday reliably reduces the core cost/time barrier for low-income voters, so the paid-time-off/time constraint is not left unresolved for many of them."
      },
      {
        "antecedent": {
          "strong": [
            "A national Election Day holiday reliably reduces the core cost/time barrier for low-income voters, so the paid-time-off/time constraint is not left unresolved for many of them."
          ],
          "from_rules": [
            4
          ],
          "weak_negation": []
        },
        "consequent": "Making Election Day a civic celebration (not a chore squeezed around school and work) elevates civic participation and motivates turnout."
      },
      {
        "antecedent": {
          "strong": [
            "Making Election Day a civic celebration (not a chore squeezed around school and work) elevates civic participation and motivates turnout."
          ],
          "from_rules": [
            5
          ],
          "weak_negation": []
        },
        "consequent": "Election Day should be a national holiday in the United States."
      }
    ],
    "Conc": [
      "School and work schedules create time conflicts that deter millions of Americans from voting.",
      "When Election Day is designated as a major federal holiday, many schools/workplaces close or run reduced schedules, and many employers adjust shifts or grant leave—giving workers time that overlaps with voting hours.",
      "Because many low-income shift workers would gain overlapping time to vote through those schedule changes, the core cost/time barrier is reduced for many people rather than being left to be solved only via unpaid absence.",
      "A national Election Day holiday reliably reduces the core cost/time barrier for low-income voters, so the paid-time-off/time constraint is not left unresolved for many of them.",
      "Making Election Day a civic celebration (not a chore squeezed around school and work) elevates civic participation and motivates turnout.",
      "Election Day should be a national holiday in the United States."
    ],
    "Ass": [
      "No evidence that schools/workplaces would not close or run reduced schedules when Election Day is designated as a major federal holiday.",
      "No evidence that many employers would not adjust shifts or grant leave in response to a federal holiday."
    ]
  }
}

[argumentation_model] arg-3fc802e146 defeats arg-743a899d08
  attack: rebut on Conc — "Because the holiday does not reliably solve the paid-time-off constraint, Election Day holiday status alone often leaves the core cost/time barrier for low-income voters unresolved."
  rebut established — checking whether arg-743a899d08 already undercuts arg-3fc802e146
  → target already undercuts the rebut: not defeated
[system] log saved -> /var/services/masuo/Dialect-MAS/logs/experiment_20261009_025422/turns10/raw_dialogue/Elections_Presidents/election_day/01_schema_20261009_025855_350628.json
saved /var/services/masuo/Dialect-MAS/logs/experiment_20261009_025422/turns10/raw_dialogue/Elections_Presidents/election_day/01_schema_20261009_025855_350628.json
saved /var/services/masuo/Dialect-MAS/logs/experiment_20261009_025422/turns10/raw_dialogue/Elections_Presidents/election_day/01_no_schema_20261009_025818_961082.json
