logs -> /var/services/masuo/Dialect-MAS/logs/experiment_20261009_062731
=== 2 runs（同時 2）===
[turn] round 1 AG1 main
  id: arg-1797ab1655
Yes—Election Day should be a national holiday.

First, making Election Day a holiday would remove major scheduling barriers created by work and school. When voting day is treated like a regular work/school day, millions of Americans are effectively prevented from voting because they cannot take time off or must choose between attendance and voting.

Second, because a holiday would make voting easier to fit into daily life, it would convert civic participation from a burden into a normal, shared activity—turning Election Day into a day that people can participate in rather than a chore they must squeeze around obligations. That shift would elevate the importance of democracy itself.

Third, there is broad support for this approach: 71% of Democrats and 59% of Republicans support making Election Day a national holiday.

Fourth, this is not a radical outlier internationally: 27 of 36 OECD countries hold elections on weekends or holidays.

Taken together—reducing work/school barriers, encouraging participation by making voting a celebration rather than a hassle, strong domestic support, and widespread international practice—supports the conclusion that Election Day should be a national holiday.

[turn] round 1 AG1 main
  id: arg-08c9ba50bc
{
  "Argument": {
    "rules": [
      {
        "antecedent": {
          "strong": [],
          "from_rules": [],
          "weak_negation": []
        },
        "consequent": "Work and school schedules create scheduling barriers that prevent millions of Americans from voting on Election Day."
      },
      {
        "antecedent": {
          "strong": [
            "Work and school schedules create scheduling barriers that prevent millions of Americans from voting on Election Day."
          ],
          "from_rules": [
            1
          ],
          "weak_negation": []
        },
        "consequent": "If Election Day were a national holiday, workers and students would have time off or flexibility to vote, removing key scheduling barriers for many of the people who otherwise cannot vote."
      },
      {
        "antecedent": {
          "strong": [
            "If Election Day were a national holiday, workers and students would have time off or flexibility to vote, removing key scheduling barriers for many of the people who otherwise cannot vote."
          ],
          "from_rules": [
            2
          ],
          "weak_negation": []
        },
        "consequent": "Removing scheduling barriers would increase the number of people who are able to cast ballots."
      },
      {
        "antecedent": {
          "strong": [
            "If Election Day were a national holiday, workers and students would have time off or flexibility to vote, removing key scheduling barriers for many of the people who otherwise cannot vote."
          ],
          "from_rules": [
            2
          ],
          "weak_negation": []
        },
        "consequent": "Making voting a holiday—framing it as a celebration rather than a chore—elevates the importance of civic participation and democracy and thereby supports further participation."
      },
      {
        "antecedent": {
          "strong": [],
          "from_rules": [],
          "weak_negation": []
        },
        "consequent": "The proposal has broad acceptability: 71% of Democrats and 59% of Republicans support making Election Day a holiday, and 27 of 36 OECD countries hold elections on weekends or holidays."
      },
      {
        "antecedent": {
          "strong": [
            "Removing scheduling barriers would increase the number of people who are able to cast ballots.",
            "Making voting a holiday—framing it as a celebration rather than a chore—elevates the importance of civic participation and democracy and thereby supports further participation.",
            "The proposal has broad acceptability: 71% of Democrats and 59% of Republicans support making Election Day a holiday, and 27 of 36 OECD countries hold elections on weekends or holidays."
          ],
          "from_rules": [
            3,
            4,
            5
          ],
          "weak_negation": []
        },
        "consequent": "Election Day should be a national holiday."
      }
    ],
    "Conc": [
      "Work and school schedules create scheduling barriers that prevent millions of Americans from voting on Election Day.",
      "If Election Day were a national holiday, workers and students would have time off or flexibility to vote, removing key scheduling barriers for many of the people who otherwise cannot vote.",
      "Removing scheduling barriers would increase the number of people who are able to cast ballots.",
      "Making voting a holiday—framing it as a celebration rather than a chore—elevates the importance of civic participation and democracy and thereby supports further participation.",
      "The proposal has broad acceptability: 71% of Democrats and 59% of Republicans support making Election Day a holiday, and 27 of 36 OECD countries hold elections on weekends or holidays.",
      "Election Day should be a national holiday."
    ],
    "Ass": []
  }
}

[turn] round 1 AG2 defeat (rebut on Conc)
  id: arg-823bb510db
  target: arg-1797ab1655
  target_statement: First, making Election Day a holiday would remove major scheduling barriers created by work and school.
A federal Election Day holiday is unlikely to “remove major scheduling barriers” for many voters, because the key constraint for low-income workers is not just that the day is on the calendar—it’s whether they can afford to be away from work. Federal holiday status does not compel private employers to close or provide paid time off. As a result, many hourly retail/service workers would still have to work or would have to take unpaid time (or use other limited leave), which effectively preserves the very work-related scheduling barrier the proposal targets—and can even increase the cost of voting for people with the least financial flexibility.

[argumentation_model] arg-823bb510db defeats arg-1797ab1655
  attack: rebut on Conc — "First, making Election Day a holiday would remove major scheduling barriers created by work and school."
  rebut established — checking whether arg-1797ab1655 already undercuts arg-823bb510db
  → target does not undercut the rebut: rebut succeeds, defeated
[turn] round 1 AG2 defeat (rebut on Conc)
  id: arg-6303f0d147
  target: arg-08c9ba50bc
  target_statement: If Election Day were a national holiday, workers and students would have time off or flexibility to vote, removing key scheduling barriers for many of the people who otherwise cannot vote.
{
  "Argument": {
    "rules": [
      {
        "antecedent": {
          "strong": [],
          "from_rules": [],
          "weak_negation": []
        },
        "consequent": "Declaring Election Day a national (federal) holiday would not legally require private employers to give workers paid time off or to close."
      },
      {
        "antecedent": {
          "strong": [
            "Declaring Election Day a national (federal) holiday would not legally require private employers to give workers paid time off or to close."
          ],
          "from_rules": [
            1
          ],
          "weak_negation": []
        },
        "consequent": "Many workers who face voting-on-Election-Day scheduling barriers work for private-sector employers, so they would often still be required to work even if Election Day is a federal holiday."
      },
      {
        "antecedent": {
          "strong": [
            "Declaring Election Day a national (federal) holiday would not legally require private employers to give workers paid time off or to close.",
            "Many workers who face voting-on-Election-Day scheduling barriers work for private-sector employers, so they would often still be required to work even if Election Day is a federal holiday."
          ],
          "from_rules": [
            1,
            2
          ],
          "weak_negation": []
        },
        "consequent": "Therefore, making Election Day a national holiday would not reliably remove key scheduling barriers for many people who otherwise cannot vote (i.e., it would not reliably provide time off or flexibility to vote)."
      },
      {
        "antecedent": {
          "strong": [],
          "from_rules": [],
          "weak_negation": []
        },
        "consequent": "Research indicates that an election holiday by itself is not an effective turnout-increase strategy compared with more direct voting-access reforms."
      },
      {
        "antecedent": {
          "strong": [
            "Therefore, making Election Day a national holiday would not reliably remove key scheduling barriers for many people who otherwise cannot vote (i.e., it would not reliably provide time off or flexibility to vote).",
            "Research indicates that an election holiday by itself is not an effective turnout-increase strategy compared with more direct voting-access reforms."
          ],
          "from_rules": [
            3,
            4
          ],
          "weak_negation": []
        },
        "consequent": "Election Day should not be made a national holiday; reforms like state-level voting-time protections and automatic voter registration are more reliable ways to address voting access for low-income workers."
      }
    ],
    "Conc": [
      "Declaring Election Day a national (federal) holiday would not legally require private employers to give workers paid time off or to close.",
      "Many workers who face voting-on-Election-Day scheduling barriers work for private-sector employers, so they would often still be required to work even if Election Day is a federal holiday.",
      "Therefore, making Election Day a national holiday would not reliably remove key scheduling barriers for many people who otherwise cannot vote (i.e., it would not reliably provide time off or flexibility to vote).",
      "Research indicates that an election holiday by itself is not an effective turnout-increase strategy compared with more direct voting-access reforms.",
      "Election Day should not be made a national holiday; reforms like state-level voting-time protections and automatic voter registration are more reliable ways to address voting access for low-income workers."
    ],
    "Ass": []
  }
}

[argumentation_model] arg-6303f0d147 defeats arg-08c9ba50bc
  attack: rebut on Conc — "If Election Day were a national holiday, workers and students would have time off or flexibility to vote, removing key scheduling barriers for many of the people who otherwise cannot vote."
  rebut established — checking whether arg-08c9ba50bc already undercuts arg-6303f0d147
  → target does not undercut the rebut: rebut succeeds, defeated
[turn] round 1 AG2 main
  id: arg-2d8ea38929
Election Day should NOT be a national holiday because a federal holiday does not reliably remove the real voting-time constraint for low-income workers, and it diverts attention from reforms that do.

1) The key barrier for many low-income voters is not merely the calendar date—it’s whether they can afford to miss work. Even if Election Day is a federal holiday, federal law does not require private employers to close or provide paid time off.

2) That means retail and service workers—who are disproportionately low-income and less likely to have flexible schedules—would still have to choose between working and voting, or use unpaid/limited leave. So the holiday can keep the burden in place (or effectively increase the cost of voting) rather than eliminate it for the people most likely to face scheduling and financial constraints.

3) Because of this, making Election Day a holiday is not a dependable “turnout by design” policy by itself. More reliable approaches are to change state rules that actually require employer time-off for voting and to improve voter access mechanisms like automatic voter registration—measures that directly address the ability to vote, rather than assuming employers will accommodate a holiday.

Given these tradeoffs, the best way to increase participation and reduce inequity is through targeted voting access reforms (state employer time-off requirements and automatic registration), not by declaring Election Day a national holiday.

[turn] round 1 AG1 defeat (rebut on Conc)
  id: arg-ba80bb0e40
  target: arg-2d8ea38929
  target_statement: 2) That means retail and service workers—who are disproportionately low-income and less likely to have flexible schedules—would still have to choose between working and voting, or use unpaid/limited leave.
The key problem the proposal targets is the work/school calendar barrier. Even though a federal holiday doesn’t mechanically force every private employer to close, declaring Election Day a national holiday would still substantially reduce the “must be at work” pressure for many voters because schools would close and a large share of employers would treat the holiday as a non-working or reduced-hours day. That means many people would be able to vote during the time they would normally be free—rather than having to choose between showing up to a shift and voting, or paying for voting time out of pocket via unpaid/limited leave.

So the central conclusion—that a holiday wouldn’t reliably remove the scheduling barrier for the people most likely to be constrained by it—is overstated.

[argumentation_model] arg-ba80bb0e40 defeats arg-2d8ea38929
  attack: rebut on Conc — "2) That means retail and service workers—who are disproportionately low-income and less likely to have flexible schedules—would still have to choose between working and voting, or use unpaid/limited leave."
  → judge: no conclusion of the attack contradicts the target statement: not defeated
[turn] round 1 AG1 defeat (rebut on Conc)
  id: arg-ba1f13438c
  target: arg-2d8ea38929
  target_statement: Election Day should NOT be a national holiday because a federal holiday does not reliably remove the real voting-time constraint for low-income workers, and it diverts attention from reforms that do.
A federal Election Day holiday would reliably remove the work-and-school scheduling barrier for many low-income voters, because the central problem is that voting falls on a day when they are required to be at school or at work (or under attendance rules). Even without requiring every private employer to close on paper, a holiday status changes day-to-day scheduling norms—schools closing and many workplaces operating differently—so voters can participate during hours they would otherwise be obligated to spend on work or school.

And it isn’t a “diversion” from other reforms: making Election Day a holiday doesn’t prevent states from also requiring employer time-off or improving access like automatic voter registration. It combines a broad, schedule-level fix with targeted measures, instead of substituting for them.

[argumentation_model] arg-ba1f13438c defeats arg-2d8ea38929
  attack: rebut on Conc — "Election Day should NOT be a national holiday because a federal holiday does not reliably remove the real voting-time constraint for low-income workers, and it diverts attention from reforms that do."
  rebut established — checking whether arg-2d8ea38929 already undercuts arg-ba1f13438c
  → target does not undercut the rebut: rebut succeeds, defeated
[turn] round 1 AG1 counter (rebut on Conc)
  id: arg-688289aa63
  target: arg-6303f0d147
  target_statement: Therefore, making Election Day a national holiday would not reliably remove key scheduling barriers for many people who otherwise cannot vote (i.e., it would not reliably provide time off or flexibility to vote).
{
  "Argument": {
    "rules": [
      {
        "antecedent": {
          "strong": [],
          "from_rules": [],
          "weak_negation": []
        },
        "consequent": "Federal holidays are widely observed through reduced operations or adjusted schedules by many employers and schools."
      },
      {
        "antecedent": {
          "strong": [
            "Federal holidays are widely observed through reduced operations or adjusted schedules by many employers and schools."
          ],
          "from_rules": [
            1
          ],
          "weak_negation": []
        },
        "consequent": "If Election Day were made a national (federal) holiday, those widely observed schedule adjustments would give many workers and students reliable opportunities to vote, thereby removing key scheduling barriers for many people who otherwise cannot vote."
      },
      {
        "antecedent": {
          "strong": [
            "If Election Day were made a national (federal) holiday, those widely observed schedule adjustments would give many workers and students reliable opportunities to vote, thereby removing key scheduling barriers for many people who otherwise cannot vote."
          ],
          "from_rules": [
            2
          ],
          "weak_negation": []
        },
        "consequent": "When key scheduling barriers are removed for more voters, more people are able to cast ballots, strengthening civic participation."
      },
      {
        "antecedent": {
          "strong": [
            "When key scheduling barriers are removed for more voters, more people are able to cast ballots, strengthening civic participation."
          ],
          "from_rules": [
            3
          ],
          "weak_negation": []
        },
        "consequent": "Election Day should be a national holiday."
      }
    ],
    "Conc": [
      "Federal holidays are widely observed through reduced operations or adjusted schedules by many employers and schools.",
      "If Election Day were made a national (federal) holiday, those widely observed schedule adjustments would give many workers and students reliable opportunities to vote, thereby removing key scheduling barriers for many people who otherwise cannot vote.",
      "When key scheduling barriers are removed for more voters, more people are able to cast ballots, strengthening civic participation.",
      "Election Day should be a national holiday."
    ],
    "Ass": []
  }
}

[argumentation_model] arg-688289aa63 defeats arg-6303f0d147
  attack: rebut on Conc — "Therefore, making Election Day a national holiday would not reliably remove key scheduling barriers for many people who otherwise cannot vote (i.e., it would not reliably provide time off or flexibility to vote)."
  rebut established — checking whether arg-6303f0d147 already undercuts arg-688289aa63
  → target does not undercut the rebut: rebut succeeds, defeated
[turn] round 1 AG2 counter (rebut on Conc)
  id: arg-09ef9bd8e0
  target: arg-ba1f13438c
  target_statement: Even without requiring every private employer to close on paper, a holiday status changes day-to-day scheduling norms—schools closing and many workplaces operating differently—so voters can participate during hours they would otherwise be obligated to spend on work or school.
A federal Election Day holiday would not reliably remove the “work-and-school” scheduling barrier, because federal holiday status does not by itself require school districts to close or change attendance rules. School calendars and whether schools are in session are set largely by states/local districts, and many districts keep schools open—or run non-holiday instructional schedules—despite federal holidays. For low-income families who depend on predictable school-day coverage for childcare/attendance, that means the “school” side of the scheduling constraint can remain even when Election Day is designated as a federal holiday.

So the target’s claim that holiday status will, in practice, change day-to-day scheduling norms through school closures overstates how consistently a federal holiday reduces barriers for the people most constrained by school/work timing.

[argumentation_model] arg-09ef9bd8e0 defeats arg-ba1f13438c
  attack: rebut on Conc — "Even without requiring every private employer to close on paper, a holiday status changes day-to-day scheduling norms—schools closing and many workplaces operating differently—so voters can participate during hours they would otherwise be obligated to spend on work or school."
  rebut established — checking whether arg-ba1f13438c already undercuts arg-09ef9bd8e0
  → target does not undercut the rebut: rebut succeeds, defeated
[turn] round 1 AG2 defeat (rebut on Conc)
  id: arg-8e5bd2fd0e
  target: arg-688289aa63
  target_statement: If Election Day were made a national (federal) holiday, those widely observed schedule adjustments would give many workers and students reliable opportunities to vote, thereby removing key scheduling barriers for many people who otherwise cannot vote.
{
  "Argument": {
    "rules": [
      {
        "antecedent": {
          "strong": [],
          "from_rules": [],
          "weak_negation": []
        },
        "consequent": "Election-related voting occurs during daytime hours that typically overlap with normal work or school schedules."
      },
      {
        "antecedent": {
          "strong": [
            "Election-related voting occurs during daytime hours that typically overlap with normal work or school schedules."
          ],
          "from_rules": [
            1
          ],
          "weak_negation": []
        },
        "consequent": "Even on federal holidays, many workplaces and schools do not fully close; they often keep daytime operations with shift coverage (especially in service/retail/essential work)."
      },
      {
        "antecedent": {
          "strong": [
            "Election-related voting occurs during daytime hours that typically overlap with normal work or school schedules.",
            "Even on federal holidays, many workplaces and schools do not fully close; they often keep daytime operations with shift coverage (especially in service/retail/essential work)."
          ],
          "from_rules": [
            1,
            2
          ],
          "weak_negation": []
        },
        "consequent": "Making Election Day a federal holiday would therefore not reliably give many workers and students time or flexibility to vote, and would not reliably remove the scheduling barriers that prevent voting."
      },
      {
        "antecedent": {
          "strong": [
            "Making Election Day a federal holiday would therefore not reliably give many workers and students time or flexibility to vote, and would not reliably remove the scheduling barriers that prevent voting."
          ],
          "from_rules": [
            3
          ],
          "weak_negation": []
        },
        "consequent": "Election Day should not be made a national holiday; state-level voting-time protections (requiring time off to vote) and automatic voter registration are more reliable ways to improve voting access for low-income workers."
      }
    ],
    "Conc": [
      "Election-related voting occurs during daytime hours that typically overlap with normal work or school schedules.",
      "Even on federal holidays, many workplaces and schools do not fully close; they often keep daytime operations with shift coverage (especially in service/retail/essential work).",
      "Making Election Day a federal holiday would therefore not reliably give many workers and students time or flexibility to vote, and would not reliably remove the scheduling barriers that prevent voting.",
      "Election Day should not be made a national holiday; state-level voting-time protections (requiring time off to vote) and automatic voter registration are more reliable ways to improve voting access for low-income workers."
    ],
    "Ass": []
  }
}

[argumentation_model] arg-8e5bd2fd0e defeats arg-688289aa63
  attack: rebut on Conc — "If Election Day were made a national (federal) holiday, those widely observed schedule adjustments would give many workers and students reliable opportunities to vote, thereby removing key scheduling barriers for many people who otherwise cannot vote."
  rebut established — checking whether arg-688289aa63 already undercuts arg-8e5bd2fd0e
  → target does not undercut the rebut: rebut succeeds, defeated
[turn] round 1 AG1 defeat (rebut on Conc)
  id: arg-fce1f579bc
  target: arg-09ef9bd8e0
  target_statement: For low-income families who depend on predictable school-day coverage for childcare/attendance, that means the “school” side of the scheduling constraint can remain even when Election Day is designated as a federal holiday.
Even for low-income families that rely on predictable school-day childcare/attendance, making Election Day a national holiday primarily reduces the constraint that forces parents into fixed work schedules. When employers treat the day as a holiday (closing or operating on reduced hours), parents and other voters gain workable, daytime time to vote. In that situation, school-day coverage does not function as a continuing binding barrier in the way the target suggests, because voters are no longer simultaneously constrained to be at work at the same hours they would otherwise be voting. Thus, school attendance may still be relevant for some families, but it does not follow that the “school” side of the scheduling constraint will remain determinative when work schedules are loosened by a holiday.

[argumentation_model] arg-fce1f579bc defeats arg-09ef9bd8e0
  attack: rebut on Conc — "For low-income families who depend on predictable school-day coverage for childcare/attendance, that means the “school” side of the scheduling constraint can remain even when Election Day is designated as a federal holiday."
  → judge: no conclusion of the attack contradicts the target statement: not defeated
[turn] round 1 AG1 counter (rebut on Conc)
  id: arg-de529bf4d8
  target: arg-8e5bd2fd0e
  target_statement: Election Day should not be made a national holiday; state-level voting-time protections (requiring time off to vote) and automatic voter registration are more reliable ways to improve voting access for low-income workers.
{
  "Argument": {
    "rules": [
      {
        "antecedent": {
          "strong": [],
          "from_rules": [],
          "weak_negation": []
        },
        "consequent": "Making Election Day a national holiday would frame voting as a celebration rather than a chore and would elevate the importance of civic participation and democracy, thereby supporting further participation."
      },
      {
        "antecedent": {
          "strong": [
            "Making Election Day a national holiday would frame voting as a celebration rather than a chore and would elevate the importance of civic participation and democracy, thereby supporting further participation."
          ],
          "from_rules": [
            1
          ],
          "weak_negation": []
        },
        "consequent": "Because increasing civic participation is a key democratic goal, a policy that supports participation through celebratory civic framing is a reason to adopt the holiday rather than reject it."
      },
      {
        "antecedent": {
          "strong": [
            "Because increasing civic participation is a key democratic goal, a policy that supports participation through celebratory civic framing is a reason to adopt the holiday rather than reject it."
          ],
          "from_rules": [
            2
          ],
          "weak_negation": []
        },
        "consequent": "Election Day should be a national holiday."
      }
    ],
    "Conc": [
      "Making Election Day a national holiday would frame voting as a celebration rather than a chore and would elevate the importance of civic participation and democracy, thereby supporting further participation.",
      "Because increasing civic participation is a key democratic goal, a policy that supports participation through celebratory civic framing is a reason to adopt the holiday rather than reject it.",
      "Election Day should be a national holiday."
    ],
    "Ass": []
  }
}

[argumentation_model] arg-de529bf4d8 defeats arg-8e5bd2fd0e
  attack: rebut on Conc — "Election Day should not be made a national holiday; state-level voting-time protections (requiring time off to vote) and automatic voter registration are more reliable ways to improve voting access for low-income workers."
  rebut established — checking whether arg-8e5bd2fd0e already undercuts arg-de529bf4d8
  → target does not undercut the rebut: rebut succeeds, defeated
[turn] round 2 AG1 main
  id: arg-2746c61eea
Election Day should be a national holiday because it is the kind of change that helps the least flexible voters without forcing them to trade away pay: when a day is officially treated as a holiday, the default expectation for work schedules shifts enough that many people no longer must choose between voting and losing needed income or other paid time off.

I’m relying on the stance’s core causal chain: (1) the real barrier for many Americans is work and school obligations that limit time and (for low-income workers in particular) make it hard to take unpaid leave; (2) a holiday would remove scheduling barriers; and (3) turning Election Day into a normal civic occasion—not a chore—raises the importance of participation.

So, even though federal holiday status doesn’t literally compel every private employer to close, it still meaningfully changes the work-and-leave landscape in a way that addresses the key tradeoff: fewer voters have to forgo pay/time-off just to be able to vote. At the same time, nationwide holiday recognition makes voting feel like a shared civic moment rather than an individual burden to fit around school/work.

This is also broadly legitimate and feasible, not an outlier policy: 71% of Democrats and 59% of Republicans support making Election Day a national holiday, and 27 of 36 OECD countries hold elections on weekends or holidays.

Therefore, Election Day should be a national holiday.

[turn] round 1 AG2 main
  id: arg-c6f435a6d3
{
  "Argument": {
    "rules": [
      {
        "antecedent": {
          "strong": [],
          "from_rules": [],
          "weak_negation": []
        },
        "consequent": "A federal Election Day holiday does not legally guarantee that private employers provide paid time off, so many low-income workers in private-sector retail/service jobs would not have reliable, paid time to vote (unless their specific employer voluntarily grants it)."
      },
      {
        "antecedent": {
          "strong": [
            "A federal Election Day holiday does not legally guarantee that private employers provide paid time off, so many low-income workers in private-sector retail/service jobs would not have reliable, paid time to vote (unless their specific employer voluntarily grants it)."
          ],
          "from_rules": [
            1
          ],
          "weak_negation": []
        },
        "consequent": "For low-income workers, being able to vote depends not just on the calendar day but on whether taking time off is financially feasible; without guaranteed paid time, workers may lose wages or be unable to take the time needed to vote."
      },
      {
        "antecedent": {
          "strong": [
            "For low-income workers, being able to vote depends not just on the calendar day but on whether taking time off is financially feasible; without guaranteed paid time, workers may lose wages or be unable to take the time needed to vote."
          ],
          "from_rules": [
            2
          ],
          "weak_negation": []
        },
        "consequent": "Therefore, making Election Day a national holiday would tend to disadvantage low-income workers by leaving them with wage-loss tradeoffs that can prevent them from voting."
      },
      {
        "antecedent": {
          "strong": [
            "Therefore, making Election Day a national holiday would tend to disadvantage low-income workers by leaving them with wage-loss tradeoffs that can prevent them from voting."
          ],
          "from_rules": [
            3
          ],
          "weak_negation": []
        },
        "consequent": "State-level approaches that require employer time off to vote and that make voting logistics easier (e.g., automatic voter registration) better address the concrete time-and-cost barriers that suppress low-income participation."
      },
      {
        "antecedent": {
          "strong": [
            "State-level approaches that require employer time off to vote and that make voting logistics easier (e.g., automatic voter registration) better address the concrete time-and-cost barriers that suppress low-income participation."
          ],
          "from_rules": [
            4
          ],
          "weak_negation": []
        },
        "consequent": "Election Day should not be made a national holiday."
      }
    ],
    "Conc": [
      "A federal Election Day holiday does not legally guarantee that private employers provide paid time off, so many low-income workers in private-sector retail/service jobs would not have reliable, paid time to vote (unless their specific employer voluntarily grants it).",
      "For low-income workers, being able to vote depends not just on the calendar day but on whether taking time off is financially feasible; without guaranteed paid time, workers may lose wages or be unable to take the time needed to vote.",
      "Therefore, making Election Day a national holiday would tend to disadvantage low-income workers by leaving them with wage-loss tradeoffs that can prevent them from voting.",
      "State-level approaches that require employer time off to vote and that make voting logistics easier (e.g., automatic voter registration) better address the concrete time-and-cost barriers that suppress low-income participation.",
      "Election Day should not be made a national holiday."
    ],
    "Ass": []
  }
}

[turn] round 2 AG2 defeat (rebut on Conc)
  id: arg-d70ffb1d11
  target: arg-2746c61eea
  target_statement: So, even though federal holiday status doesn’t literally compel every private employer to close, it still meaningfully changes the work-and-leave landscape in a way that addresses the key tradeoff: fewer voters have to forgo pay/time-off just to be able to vote.
The key problem with the target’s causal chain is that calling Election Day a “federal holiday” does not, in itself, create paid time off for the people who are most likely to face the pay/time tradeoff. Federal holiday status doesn’t compel private employers to close or to provide paid leave, so many retail/service workers—precisely the least flexible group—would still have to work (or take unpaid/limited leave). That means the “fewer voters have to forgo pay/time-off” outcome is not reliably produced.

And even if some workers benefit, your stance is that an election-day holiday on its own is not a dependable turnout strategy; it’s less reliable than reforms that directly change voting access (e.g., state employer time-off requirements and automatic voter registration), which address the actual constraints that block voting.

[argumentation_model] arg-d70ffb1d11 defeats arg-2746c61eea
  attack: rebut on Conc — "So, even though federal holiday status doesn’t literally compel every private employer to close, it still meaningfully changes the work-and-leave landscape in a way that addresses the key tradeoff: fewer voters have to forgo pay/time-off just to be able to vote."
  rebut established — checking whether arg-2746c61eea already undercuts arg-d70ffb1d11
  → target does not undercut the rebut: rebut succeeds, defeated
[turn] round 1 AG1 defeat (rebut on Conc)
  id: arg-e047f46a58
  target: arg-c6f435a6d3
  target_statement: Therefore, making Election Day a national holiday would tend to disadvantage low-income workers by leaving them with wage-loss tradeoffs that can prevent them from voting.
{
  "Argument": {
    "rules": [
      {
        "antecedent": {
          "strong": [],
          "from_rules": [],
          "weak_negation": []
        },
        "consequent": "Work and school schedules create scheduling barriers that prevent millions of Americans from voting on Election Day."
      },
      {
        "antecedent": {
          "strong": [
            "Work and school schedules create scheduling barriers that prevent millions of Americans from voting on Election Day."
          ],
          "from_rules": [
            1
          ],
          "weak_negation": []
        },
        "consequent": "If Election Day were a national holiday, many employers and schools would adjust operations or schedules on that day, giving workers and students more time or flexibility to vote and thereby removing key scheduling barriers."
      },
      {
        "antecedent": {
          "strong": [
            "If Election Day were a national holiday, many employers and schools would adjust operations or schedules on that day, giving workers and students more time or flexibility to vote and thereby removing key scheduling barriers."
          ],
          "from_rules": [
            2
          ],
          "weak_negation": []
        },
        "consequent": "By removing these scheduling barriers, a national Election Day holiday would tend to reduce the wage-loss/shift-coverage tradeoffs that can block voting for many low-income workers."
      },
      {
        "antecedent": {
          "strong": [
            "By removing these scheduling barriers, a national Election Day holiday would tend to reduce the wage-loss/shift-coverage tradeoffs that can block voting for many low-income workers."
          ],
          "from_rules": [
            3
          ],
          "weak_negation": []
        },
        "consequent": "Election Day should be a national holiday."
      }
    ],
    "Conc": [
      "Work and school schedules create scheduling barriers that prevent millions of Americans from voting on Election Day.",
      "If Election Day were a national holiday, many employers and schools would adjust operations or schedules on that day, giving workers and students more time or flexibility to vote and thereby removing key scheduling barriers.",
      "By removing these scheduling barriers, a national Election Day holiday would tend to reduce the wage-loss/shift-coverage tradeoffs that can block voting for many low-income workers.",
      "Election Day should be a national holiday."
    ],
    "Ass": []
  }
}

[argumentation_model] arg-e047f46a58 defeats arg-c6f435a6d3
  attack: rebut on Conc — "Therefore, making Election Day a national holiday would tend to disadvantage low-income workers by leaving them with wage-loss tradeoffs that can prevent them from voting."
  rebut established — checking whether arg-c6f435a6d3 already undercuts arg-e047f46a58
  → target does not undercut the rebut: rebut succeeds, defeated
[turn] round 1 AG2 counter (rebut on Conc)
  id: arg-0467784d98
  target: arg-e047f46a58
  target_statement: Election Day should be a national holiday.
{
  "Argument": {
    "rules": [
      {
        "antecedent": {
          "strong": [],
          "from_rules": [],
          "weak_negation": []
        },
        "consequent": "Research indicates that making Election Day a holiday by itself is not an effective turnout-increase strategy compared with more direct voting-access reforms."
      },
      {
        "antecedent": {
          "strong": [
            "Research indicates that making Election Day a holiday by itself is not an effective turnout-increase strategy compared with more direct voting-access reforms."
          ],
          "from_rules": [
            1
          ],
          "weak_negation": []
        },
        "consequent": "If a federal Election Day holiday is not an effective standalone turnout lever, then adopting it as the key policy response lacks strong justification as a way to increase participation."
      },
      {
        "antecedent": {
          "strong": [
            "If a federal Election Day holiday is not an effective standalone turnout lever, then adopting it as the key policy response lacks strong justification as a way to increase participation."
          ],
          "from_rules": [
            2
          ],
          "weak_negation": []
        },
        "consequent": "A more reliable way to improve turnout is to pursue reforms that directly address concrete voting-access barriers (rather than relying primarily on a calendar holiday)."
      },
      {
        "antecedent": {
          "strong": [
            "A more reliable way to improve turnout is to pursue reforms that directly address concrete voting-access barriers (rather than relying primarily on a calendar holiday)."
          ],
          "from_rules": [
            3
          ],
          "weak_negation": []
        },
        "consequent": "Election Day should not be made a national holiday."
      }
    ],
    "Conc": [
      "Research indicates that making Election Day a holiday by itself is not an effective turnout-increase strategy compared with more direct voting-access reforms.",
      "If a federal Election Day holiday is not an effective standalone turnout lever, then adopting it as the key policy response lacks strong justification as a way to increase participation.",
      "A more reliable way to improve turnout is to pursue reforms that directly address concrete voting-access barriers (rather than relying primarily on a calendar holiday).",
      "Election Day should not be made a national holiday."
    ],
    "Ass": []
  }
}

[argumentation_model] arg-0467784d98 defeats arg-e047f46a58
  attack: rebut on Conc — "Election Day should be a national holiday."
  rebut established — checking whether arg-e047f46a58 already undercuts arg-0467784d98
  → target does not undercut the rebut: rebut succeeds, defeated
[turn] round 2 AG1 counter (rebut on Conc)
  id: arg-5929a537bb
  target: arg-d70ffb1d11
  target_statement: That means the “fewer voters have to forgo pay/time-off” outcome is not reliably produced.
Election Day being a national holiday should be supported because aligning Election Day with widely recognized non-working/holiday time is precisely how you remove the scheduling conflict that keeps many Americans from voting. The relevant barrier is being required to be at work or school when voting happens—not whether federal holiday status legally forces every private employer to provide paid leave.

That matters because many other democracies already rely on the same scheduling-alignment strategy: 27 of 36 OECD countries hold elections on weekends or holidays. This international pattern indicates that a nationwide “time-off alignment” approach is a dependable way to let voters participate during normal availability, without requiring the U.S. model to depend on every employer voluntarily providing paid time off.

So the critique that a holiday cannot reliably produce reduced time-cost for voters is overstated: a holiday can reliably make voting fit within ordinary life by moving Election Day onto a day when people are less constrained by work/school schedules.

[argumentation_model] arg-5929a537bb defeats arg-d70ffb1d11
  attack: rebut on Conc — "That means the “fewer voters have to forgo pay/time-off” outcome is not reliably produced."
  rebut established — checking whether arg-d70ffb1d11 already undercuts arg-5929a537bb
  → target does not undercut the rebut: rebut succeeds, defeated
[turn] round 1 AG1 defeat (rebut on Conc)
  id: arg-70ef8e63a1
  target: arg-0467784d98
  target_statement: Election Day should not be made a national holiday.
{
  "Argument": {
    "rules": [
      {
        "antecedent": {
          "strong": [],
          "from_rules": [],
          "weak_negation": []
        },
        "consequent": "Making voting a celebration rather than a chore elevates the importance of civic participation and democracy and can encourage further participation."
      },
      {
        "antecedent": {
          "strong": [
            "Making voting a celebration rather than a chore elevates the importance of civic participation and democracy and can encourage further participation."
          ],
          "from_rules": [
            1
          ],
          "weak_negation": []
        },
        "consequent": "A national Election Day holiday would help turn voting into a widely shared civic event, thereby supporting participation rather than treating it as an inconvenient task."
      },
      {
        "antecedent": {
          "strong": [],
          "from_rules": [],
          "weak_negation": []
        },
        "consequent": "The proposal has broad acceptability: 71% of Democrats and 59% of Republicans support making Election Day a holiday, and 27 of 36 OECD countries hold elections on weekends or holidays."
      },
      {
        "antecedent": {
          "strong": [
            "A national Election Day holiday would help turn voting into a widely shared civic event, thereby supporting participation rather than treating it as an inconvenient task.",
            "The proposal has broad acceptability: 71% of Democrats and 59% of Republicans support making Election Day a holiday, and 27 of 36 OECD countries hold elections on weekends or holidays."
          ],
          "from_rules": [
            2,
            3
          ],
          "weak_negation": []
        },
        "consequent": "Election Day should be a national holiday."
      }
    ],
    "Conc": [
      "Making voting a celebration rather than a chore elevates the importance of civic participation and democracy and can encourage further participation.",
      "A national Election Day holiday would help turn voting into a widely shared civic event, thereby supporting participation rather than treating it as an inconvenient task.",
      "The proposal has broad acceptability: 71% of Democrats and 59% of Republicans support making Election Day a holiday, and 27 of 36 OECD countries hold elections on weekends or holidays.",
      "Election Day should be a national holiday."
    ],
    "Ass": []
  }
}

[argumentation_model] arg-70ef8e63a1 defeats arg-0467784d98
  attack: rebut on Conc — "Election Day should not be made a national holiday."
  rebut established — checking whether arg-0467784d98 already undercuts arg-70ef8e63a1
  → target does not undercut the rebut: rebut succeeds, defeated
[system] log saved -> /var/services/masuo/Dialect-MAS/logs/experiment_20261009_062731/turns10/raw_dialogue/Elections_Presidents/election_day/01_no_schema_20261009_063100_126540.json
[turn] round 2 AG2 main
  id: arg-5dd614b5ff
{
  "Argument": {
    "rules": [
      {
        "antecedent": {
          "strong": [],
          "from_rules": [],
          "weak_negation": [
            "unless the specific holiday legislation also includes voter-registration or other administrative/logistical reforms that reduce voters’ time/cost burdens"
          ]
        },
        "consequent": "A federal Election Day holiday is primarily a calendar scheduling change and does not, by itself, automatically reduce administrative/logistical voting burdens (such as those tied to voter registration)."
      },
      {
        "antecedent": {
          "strong": [],
          "from_rules": [],
          "weak_negation": []
        },
        "consequent": "Automatic voter registration reduces voters’ time/cost burden by ensuring eligible voters are registered without needing separate registration actions before voting."
      },
      {
        "antecedent": {
          "strong": [
            "A federal Election Day holiday is primarily a calendar scheduling change and does not, by itself, automatically reduce administrative/logistical voting burdens (such as those tied to voter registration).",
            "Automatic voter registration reduces voters’ time/cost burden by ensuring eligible voters are registered without needing separate registration actions before voting."
          ],
          "from_rules": [
            1,
            2
          ],
          "weak_negation": []
        },
        "consequent": "Therefore, relying on a national Election Day holiday alone leaves non-day-specific administrative/logistical barriers in place for many voters, limiting the holiday’s potential turnout impact."
      },
      {
        "antecedent": {
          "strong": [],
          "from_rules": [],
          "weak_negation": [
            "unless the specific holiday law separately compels private employers to close or provide paid time to vote"
          ]
        },
        "consequent": "A federal Election Day holiday generally does not legally require private employers to close or provide paid time off to vote."
      },
      {
        "antecedent": {
          "strong": [],
          "from_rules": [],
          "weak_negation": []
        },
        "consequent": "Many low-income workers are employed by private-sector retail/service employers whose operations often continue on holidays (e.g., via shift coverage)."
      },
      {
        "antecedent": {
          "strong": [
            "A federal Election Day holiday generally does not legally require private employers to close or provide paid time off to vote.",
            "Many low-income workers are employed by private-sector retail/service employers whose operations often continue on holidays (e.g., via shift coverage)."
          ],
          "from_rules": [
            4,
            5
          ],
          "weak_negation": []
        },
        "consequent": "Thus, for low-income retail/service workers, a holiday would often not reliably provide adequate time to vote, so the holiday mechanism fails for a key vulnerable group."
      },
      {
        "antecedent": {
          "strong": [],
          "from_rules": [],
          "weak_negation": []
        },
        "consequent": "Research indicates that an election holiday by itself is not an effective strategy to increase turnout compared with more direct voting-access reforms."
      },
      {
        "antecedent": {
          "strong": [
            "Therefore, relying on a national Election Day holiday alone leaves non-day-specific administrative/logistical barriers in place for many voters, limiting the holiday’s potential turnout impact.",
            "Thus, for low-income retail/service workers, a holiday would often not reliably provide adequate time to vote, so the holiday mechanism fails for a key vulnerable group.",
            "Research indicates that an election holiday by itself is not an effective strategy to increase turnout compared with more direct voting-access reforms."
          ],
          "from_rules": [
            3,
            6,
            7
          ],
          "weak_negation": []
        },
        "consequent": "Policymakers should instead pursue state-level reforms that directly target the remaining barriers—such as requiring employer time off to vote and implementing automatic voter registration—because these address both scheduling and time/cost obstacles more reliably for low-income voters."
      },
      {
        "antecedent": {
          "strong": [
            "Policymakers should instead pursue state-level reforms that directly target the remaining barriers—such as requiring employer time off to vote and implementing automatic voter registration—because these address both scheduling and time/cost obstacles more reliably for low-income voters."
          ],
          "from_rules": [
            8
          ],
          "weak_negation": []
        },
        "consequent": "Election Day should not be made a national holiday."
      }
    ],
    "Conc": [
      "A federal Election Day holiday is primarily a calendar scheduling change and does not, by itself, automatically reduce administrative/logistical voting burdens (such as those tied to voter registration).",
      "Automatic voter registration reduces voters’ time/cost burden by ensuring eligible voters are registered without needing separate registration actions before voting.",
      "Therefore, relying on a national Election Day holiday alone leaves non-day-specific administrative/logistical barriers in place for many voters, limiting the holiday’s potential turnout impact.",
      "A federal Election Day holiday generally does not legally require private employers to close or provide paid time off to vote.",
      "Many low-income workers are employed by private-sector retail/service employers whose operations often continue on holidays (e.g., via shift coverage).",
      "Thus, for low-income retail/service workers, a holiday would often not reliably provide adequate time to vote, so the holiday mechanism fails for a key vulnerable group.",
      "Research indicates that an election holiday by itself is not an effective strategy to increase turnout compared with more direct voting-access reforms.",
      "Policymakers should instead pursue state-level reforms that directly target the remaining barriers—such as requiring employer time off to vote and implementing automatic voter registration—because these address both scheduling and time/cost obstacles more reliably for low-income voters.",
      "Election Day should not be made a national holiday."
    ],
    "Ass": [
      "unless the specific holiday legislation also includes voter-registration or other administrative/logistical reforms that reduce voters’ time/cost burdens",
      "unless the specific holiday law separately compels private employers to close or provide paid time to vote"
    ]
  }
}

[system] log saved -> /var/services/masuo/Dialect-MAS/logs/experiment_20261009_062731/turns10/raw_dialogue/Elections_Presidents/election_day/01_schema_20261009_063228_756541.json
saved /var/services/masuo/Dialect-MAS/logs/experiment_20261009_062731/turns10/raw_dialogue/Elections_Presidents/election_day/01_schema_20261009_063228_756541.json
saved /var/services/masuo/Dialect-MAS/logs/experiment_20261009_062731/turns10/raw_dialogue/Elections_Presidents/election_day/01_no_schema_20261009_063100_126540.json
