logs -> /var/services/masuo/Dialect-MAS/logs/experiment_20261009_070219
=== 2 runs（同時 2）===
[turn] round 1 AG1 main
  id: arg-baf9fbc32e
Yes—Election Day should be a national holiday because the biggest practical barrier to voting is scheduling. When Election Day is treated like a normal school/work day, millions of Americans face inflexible time constraints—so their ability to vote depends on whether they can miss work, be absent from school, or manage around their job schedules. A national holiday directly removes that scheduling barrier by giving most people the time needed to vote.

Making Election Day a celebration rather than a chore also signals that civic participation is important in itself, which can help elevate turnout by framing voting as a community event instead of an inconvenience.

This approach is broadly supported: 71% of Democrats and 59% of Republicans support the measure. And it is not unusual internationally—27 of 36 OECD countries hold elections on weekends or holidays—showing that election days can be scheduled in a way that reduces time-related obstacles for voters. Therefore, creating a national holiday for Election Day would improve voting access by addressing the scheduling constraints that keep many Americans from voting.

[turn] round 1 AG2 defeat (rebut on Conc)
  id: arg-d5f7f9b194
  target: arg-baf9fbc32e
  target_statement: A national holiday directly removes that scheduling barrier by giving most people the time needed to vote.
A national holiday would not reliably “directly remove that scheduling barrier” for the voters most constrained by inflexible work schedules. The key issue isn’t just that Election Day is on a Monday/weekday; it’s that many workers—especially low-income employees in retail, food service, and other private-sector roles—often don’t receive paid holidays and can’t simply take time off to vote. If they still have to work, then the holiday doesn’t provide “most people” the time needed to vote, and requiring them to choose between turnout and lost wages can even make voting harder.

So rather than a one-size-fits-all federal holiday, more reliable reforms are (1) state/local laws that require employer time-off to vote and (2) voter-registration policies like automatic registration that reduce administrative friction. Making Election Day a federal holiday by itself is not a dependable solution for the scheduling constraints faced by low-income workers.

[argumentation_model] arg-d5f7f9b194 defeats arg-baf9fbc32e
  attack: rebut on Conc — "A national holiday directly removes that scheduling barrier by giving most people the time needed to vote."
[turn] round 1 AG1 main
  id: arg-2ffc8937d8
{
  "Argument": {
    "rules": [
      {
        "antecedent": {
          "strong": [],
          "from_rules": [],
          "weak_negation": []
        },
        "consequent": "Millions of Americans are kept from voting on Election Day because school and work schedules conflict with the time available to vote."
      },
      {
        "antecedent": {
          "strong": [
            "Millions of Americans are kept from voting on Election Day because school and work schedules conflict with the time available to vote."
          ],
          "from_rules": [
            1
          ],
          "weak_negation": []
        },
        "consequent": "Declaring Election Day a national holiday would reduce those conflicts for working people and students, removing key scheduling barriers to voting."
      },
      {
        "antecedent": {
          "strong": [
            "Declaring Election Day a national holiday would reduce those conflicts for working people and students, removing key scheduling barriers to voting."
          ],
          "from_rules": [
            2
          ],
          "weak_negation": []
        },
        "consequent": "Removing scheduling barriers would increase civic participation and help make voting a celebration of democracy rather than a chore."
      },
      {
        "antecedent": {
          "strong": [],
          "from_rules": [],
          "weak_negation": []
        },
        "consequent": "Support for making Election Day a national holiday is broad and bipartisan, with 71% of Democrats and 59% of Republicans in favor."
      },
      {
        "antecedent": {
          "strong": [],
          "from_rules": [],
          "weak_negation": []
        },
        "consequent": "The policy is feasible and widely practiced: 27 of 36 OECD countries hold elections on weekends or holidays."
      },
      {
        "antecedent": {
          "strong": [
            "Removing scheduling barriers would increase civic participation and help make voting a celebration of democracy rather than a chore.",
            "Support for making Election Day a national holiday is broad and bipartisan, with 71% of Democrats and 59% of Republicans in favor.",
            "The policy is feasible and widely practiced: 27 of 36 OECD countries hold elections on weekends or holidays."
          ],
          "from_rules": [
            3,
            4,
            5
          ],
          "weak_negation": []
        },
        "consequent": "Election Day should be a national holiday."
      }
    ],
    "Conc": [
      "Millions of Americans are kept from voting on Election Day because school and work schedules conflict with the time available to vote.",
      "Declaring Election Day a national holiday would reduce those conflicts for working people and students, removing key scheduling barriers to voting.",
      "Removing scheduling barriers would increase civic participation and help make voting a celebration of democracy rather than a chore.",
      "Support for making Election Day a national holiday is broad and bipartisan, with 71% of Democrats and 59% of Republicans in favor.",
      "The policy is feasible and widely practiced: 27 of 36 OECD countries hold elections on weekends or holidays.",
      "Election Day should be a national holiday."
    ],
    "Ass": []
  }
}

  rebut established — checking whether arg-baf9fbc32e already undercuts arg-d5f7f9b194
  → target does not undercut the rebut: rebut succeeds, defeated
[turn] round 1 AG1 counter (rebut on Conc)
  id: arg-fa4efffc4f
  target: arg-d5f7f9b194
  target_statement: A national holiday would not reliably “directly remove that scheduling barrier” for the voters most constrained by inflexible work schedules.
A national Election Day holiday would still reduce scheduling barriers for the most constrained workers because a declared federal holiday changes how many workplaces schedule shifts—not just whether employees receive paid time off. In sectors where staffing can be adjusted (including retail/food service and other private roles), holidays commonly lead to closures, reduced hours, or altered staffing levels. That means more workers are actually scheduled off (or with fewer unavoidable hours) on Election Day, so they can vote without having to choose turnout versus lost wages.

So it’s not correct to treat the holiday as having no effect unless workers are guaranteed paid time. Even for workers who lack paid holidays, the scheduling shift created by making Election Day a holiday is exactly what removes the practical time barrier the debate is about.

[argumentation_model] arg-fa4efffc4f defeats arg-d5f7f9b194
  attack: rebut on Conc — "A national holiday would not reliably “directly remove that scheduling barrier” for the voters most constrained by inflexible work schedules."
  rebut established — checking whether arg-d5f7f9b194 already undercuts arg-fa4efffc4f
[turn] round 1 AG2 defeat (rebut on Conc)
  id: arg-69a7b6f3f1
  target: arg-2ffc8937d8
  target_statement: Election Day should be a national holiday.
{
  "Argument": {
    "rules": [
      {
        "antecedent": {
          "strong": [],
          "from_rules": [],
          "weak_negation": []
        },
        "consequent": "Designating Election Day as a federal holiday does not, by itself, require private employers to give paid time off, so many low-wage workers in retail and service jobs may still have to work or lose wages."
      },
      {
        "antecedent": {
          "strong": [
            "Designating Election Day as a federal holiday does not, by itself, require private employers to give paid time off, so many low-wage workers in retail and service jobs may still have to work or lose wages."
          ],
          "from_rules": [
            1
          ],
          "weak_negation": []
        },
        "consequent": "Because many low-wage private-sector workers would still work or face lost wages, a federal holiday would not reliably remove the scheduling barrier they face on Election Day."
      },
      {
        "antecedent": {
          "strong": [
            "Because many low-wage private-sector workers would still work or face lost wages, a federal holiday would not reliably remove the scheduling barrier they face on Election Day."
          ],
          "from_rules": [
            2
          ],
          "weak_negation": []
        },
        "consequent": "So the scheduling-barrier mechanism the holiday argument relies on would be incomplete, limiting (or eliminating) any turnout gains for the people most constrained by work and school schedules."
      },
      {
        "antecedent": {
          "strong": [],
          "from_rules": [],
          "weak_negation": []
        },
        "consequent": "Making Election Day a holiday by itself is not an effective turnout strategy compared with reforms that directly improve voting access."
      },
      {
        "antecedent": {
          "strong": [
            "Because many low-wage private-sector workers would still work or face lost wages, a federal holiday would not reliably remove the scheduling barrier they face on Election Day.",
            "Making Election Day a holiday by itself is not an effective turnout strategy compared with reforms that directly improve voting access."
          ],
          "from_rules": [
            2,
            4
          ],
          "weak_negation": []
        },
        "consequent": "Reforms that directly guarantee time to vote (e.g., state requirements for employer time-off) and reduce registration friction (e.g., automatic voter registration) are more tightly targeted to the real constraints than relying on a federal holiday."
      },
      {
        "antecedent": {
          "strong": [
            "So the scheduling-barrier mechanism the holiday argument relies on would be incomplete, limiting (or eliminating) any turnout gains for the people most constrained by work and school schedules.",
            "Making Election Day a holiday by itself is not an effective turnout strategy compared with reforms that directly improve voting access.",
            "Reforms that directly guarantee time to vote (e.g., state requirements for employer time-off) and reduce registration friction (e.g., automatic voter registration) are more tightly targeted to the real constraints than relying on a federal holiday."
          ],
          "from_rules": [
            3,
            4,
            5
          ],
          "weak_negation": []
        },
        "consequent": "Election Day should not be a national holiday; policymakers should instead pursue more direct state voting-access reforms."
      }
    ],
    "Conc": [
      "Designating Election Day as a federal holiday does not, by itself, require private employers to give paid time off, so many low-wage workers in retail and service jobs may still have to work or lose wages.",
      "Because many low-wage private-sector workers would still work or face lost wages, a federal holiday would not reliably remove the scheduling barrier they face on Election Day.",
      "So the scheduling-barrier mechanism the holiday argument relies on would be incomplete, limiting (or eliminating) any turnout gains for the people most constrained by work and school schedules.",
      "Making Election Day a holiday by itself is not an effective turnout strategy compared with reforms that directly improve voting access.",
      "Reforms that directly guarantee time to vote (e.g., state requirements for employer time-off) and reduce registration friction (e.g., automatic voter registration) are more tightly targeted to the real constraints than relying on a federal holiday.",
      "Election Day should not be a national holiday; policymakers should instead pursue more direct state voting-access reforms."
    ],
    "Ass": []
  }
}

[argumentation_model] arg-69a7b6f3f1 defeats arg-2ffc8937d8
  attack: rebut on Conc — "Election Day should be a national holiday."
  rebut established — checking whether arg-2ffc8937d8 already undercuts arg-69a7b6f3f1
  → target does not undercut the rebut: rebut succeeds, defeated
  → target does not undercut the rebut: rebut succeeds, defeated
[turn] round 1 AG2 defeat (rebut on Conc)
  id: arg-5e57ef6b9f
  target: arg-fa4efffc4f
  target_statement: In sectors where staffing can be adjusted (including retail/food service and other private roles), holidays commonly lead to closures, reduced hours, or altered staffing levels.
A federal Election Day holiday does not reliably reduce the scheduling barrier for low-income workers, because in many retail and food-service settings the workplace can stay open even when the day is a holiday. What changes may be *who* covers the shift (rotation/coverage reshuffling), not whether employees—including the most constrained ones—are relieved from working.

So the idea that “holidays commonly lead to closures, reduced hours, or altered staffing levels” does not hold in a way that would guarantee that “more workers are actually scheduled off (or with fewer unavoidable hours) on Election Day.” Without a requirement that private employers grant time off (or otherwise protect wages/time for voting), shift schedules can be maintained or reorganized to ensure coverage, meaning many low-income workers still face the same practical time tradeoff they do on non-holiday weekdays.

[argumentation_model] arg-5e57ef6b9f defeats arg-fa4efffc4f
  attack: rebut on Conc — "In sectors where staffing can be adjusted (including retail/food service and other private roles), holidays commonly lead to closures, reduced hours, or altered staffing levels."
  → judge: no conclusion of the attack contradicts the target statement: not defeated
[turn] round 1 AG1 counter (rebut on Conc)
  id: arg-6f2ae8107f
  target: arg-69a7b6f3f1
  target_statement: Because many low-wage private-sector workers would still work or face lost wages, a federal holiday would not reliably remove the scheduling barrier they face on Election Day.
{
  "Argument": {
    "rules": [
      {
        "antecedent": {
          "strong": [],
          "from_rules": [],
          "weak_negation": []
        },
        "consequent": "Millions of Americans are kept from voting on Election Day because school and work schedules conflict with the time available to vote."
      },
      {
        "antecedent": {
          "strong": [
            "Millions of Americans are kept from voting on Election Day because school and work schedules conflict with the time available to vote."
          ],
          "from_rules": [
            1
          ],
          "weak_negation": []
        },
        "consequent": "A national holiday changes the scheduling context around Election Day by aligning schools and many workplaces with holiday/closed or reduced-hours routines, creating additional time windows for voting and easing day-of constraints even without a universal legal requirement for every private employer to provide paid time off."
      },
      {
        "antecedent": {
          "strong": [
            "A national holiday changes the scheduling context around Election Day by aligning schools and many workplaces with holiday/closed or reduced-hours routines, creating additional time windows for voting and easing day-of constraints even without a universal legal requirement for every private employer to provide paid time off."
          ],
          "from_rules": [
            2
          ],
          "weak_negation": []
        },
        "consequent": "Therefore, designating Election Day as a national holiday would reliably reduce the day-of work/school time pressure that creates key scheduling barriers to voting."
      },
      {
        "antecedent": {
          "strong": [
            "Therefore, designating Election Day as a national holiday would reliably reduce the day-of work/school time pressure that creates key scheduling barriers to voting."
          ],
          "from_rules": [
            3
          ],
          "weak_negation": []
        },
        "consequent": "Reducing those scheduling barriers increases civic participation and helps make voting a celebration of democracy rather than a chore."
      },
      {
        "antecedent": {
          "strong": [
            "Reducing those scheduling barriers increases civic participation and helps make voting a celebration of democracy rather than a chore."
          ],
          "from_rules": [
            4
          ],
          "weak_negation": []
        },
        "consequent": "Election Day should be a national holiday."
      }
    ],
    "Conc": [
      "Millions of Americans are kept from voting on Election Day because school and work schedules conflict with the time available to vote.",
      "A national holiday changes the scheduling context around Election Day by aligning schools and many workplaces with holiday/closed or reduced-hours routines, creating additional time windows for voting and easing day-of constraints even without a universal legal requirement for every private employer to provide paid time off.",
      "Therefore, designating Election Day as a national holiday would reliably reduce the day-of work/school time pressure that creates key scheduling barriers to voting.",
      "Reducing those scheduling barriers increases civic participation and helps make voting a celebration of democracy rather than a chore.",
      "Election Day should be a national holiday."
    ],
    "Ass": []
  }
}

[argumentation_model] arg-6f2ae8107f defeats arg-69a7b6f3f1
  attack: rebut on Conc — "Because many low-wage private-sector workers would still work or face lost wages, a federal holiday would not reliably remove the scheduling barrier they face on Election Day."
  → judge: no conclusion of the attack contradicts the target statement: not defeated
[turn] round 1 AG2 defeat (undercut on Ass)
  id: arg-4a5a78d1c5
  target: arg-fa4efffc4f
  target_statement: In sectors where staffing can be adjusted (including retail/food service and other private roles), holidays commonly lead to closures, reduced hours, or altered staffing levels.
A declared Election Day holiday does not reliably give low-income workers time to vote because the key causal premise in the argument—that holidays commonly reduce unavoidable work—is often wrong in the very sectors employing many low-wage voters. In retail, food service, and similar private roles, holidays can increase customer traffic (holiday shopping/dining), which can lead businesses to stay open and sometimes run longer or staffed-up shifts rather than close or cut hours. If employees still have to work, then a federal holiday does not remove the practical tradeoff between voting time and lost wages.

That means the claimed effect—more workers scheduled off or with fewer unavoidable hours—cannot be counted on across the economy. And because an election-day holiday by itself is not a dependable turnout strategy compared with reforms that directly protect time/wages for voting (e.g., state time-off requirements) or reduce administrative friction (e.g., automatic voter registration), the holiday cannot be treated as the main fix for scheduling barriers.

[argumentation_model] arg-4a5a78d1c5 defeats arg-fa4efffc4f
  attack: undercut on Ass — "In sectors where staffing can be adjusted (including retail/food service and other private roles), holidays commonly lead to closures, reduced hours, or altered staffing levels."
  → judge: undercut established: defeated
[turn] round 1 AG2 main
  id: arg-19b1ffc4f6
Election Day should not be a national holiday because a holiday alone does not reliably increase turnout compared with reforms that directly remove the real obstacles to voting.

What this argument relies on:
1) I’m assessing the policy by its turnout effect, not only by moral symbolism.
2) As my stance holds, research indicates that having an election-day holiday “by itself” is not an effective strategy to raise voter turnout relative to other voting-access reforms.
3) A national holiday mainly changes the calendar (giving time off), but it does not, by itself, tackle many other practical and administrative barriers that determine whether people can successfully register and cast a ballot.
4) Therefore, even if some voters benefit from a day off, the overall marginal gain in turnout is expected to be limited—especially when compared with reforms that more directly change the constraints voters face (e.g., policies that ensure time to vote or reduce registration friction).

Conclusion:
Because the holiday is unlikely to produce meaningful turnout gains on its own, and because there are more reliable, barrier-targeting alternatives (like state time-off requirements and administrative reforms such as automatic voter registration), Election Day should not be made a national holiday.

[turn] round 1 AG1 defeat (rebut on Conc)
  id: arg-904a502c67
  target: arg-19b1ffc4f6
  target_statement: Election Day should not be a national holiday because a holiday alone does not reliably increase turnout compared with reforms that directly remove the real obstacles to voting.
A national Election Day holiday would directly address the scheduling constraints that—by my stance—keep millions from voting. The core practical barrier is that voting usually must fit around inflexible school/work hours; a holiday removes that time constraint by making Election Day a day when many people can be away from work and school. That is exactly the mechanism by which a holiday improves voting access, not merely a symbolic calendar change.

Also, the goal is not only to provide time off but to make voting feel like a civic celebration rather than a chore. Treating Election Day as a community event elevates the importance of civic participation and democracy, which can increase turnout beyond what would happen if people only experienced it as an administrative task.

Finally, the policy isn’t radical in comparative terms: 27 of 36 OECD countries hold elections on weekends or holidays, and support is broad within the US (71% of Democrats and 59% of Republicans). So the expectation should be that an Election Day holiday can reliably reduce time barriers for a large share of voters, producing more than a trivial turnout effect.

[argumentation_model] arg-904a502c67 defeats arg-19b1ffc4f6
  attack: rebut on Conc — "Election Day should not be a national holiday because a holiday alone does not reliably increase turnout compared with reforms that directly remove the real obstacles to voting."
  rebut established — checking whether arg-19b1ffc4f6 already undercuts arg-904a502c67
  → target does not undercut the rebut: rebut succeeds, defeated
[turn] round 1 AG2 main
  id: arg-a6636c0c80
{
  "Argument": {
    "rules": [
      {
        "antecedent": {
          "strong": [],
          "from_rules": [],
          "weak_negation": []
        },
        "consequent": "Designating Election Day as a federal national holiday does not, by itself, create a legal entitlement to paid time off from private employers."
      },
      {
        "antecedent": {
          "strong": [
            "Designating Election Day as a federal national holiday does not, by itself, create a legal entitlement to paid time off from private employers."
          ],
          "from_rules": [
            1
          ],
          "weak_negation": []
        },
        "consequent": "When there is no legal entitlement, low-income workers’ ability to take time to vote depends on discretionary employer practices rather than enforceable rights."
      },
      {
        "antecedent": {
          "strong": [
            "When there is no legal entitlement, low-income workers’ ability to take time to vote depends on discretionary employer practices rather than enforceable rights."
          ],
          "from_rules": [
            2
          ],
          "weak_negation": [
            "Many retail and service employers voluntarily provide paid time off for voting despite no legal requirement."
          ]
        },
        "consequent": "Because many retail and service workers lack enforceable paid time off, they would likely still work or face wage loss to vote."
      },
      {
        "antecedent": {
          "strong": [
            "Because many retail and service workers lack enforceable paid time off, they would likely still work or face wage loss to vote."
          ],
          "from_rules": [
            3
          ],
          "weak_negation": [
            "The holiday would nonetheless reliably eliminate the need for workers to choose between working and losing wages."
          ]
        },
        "consequent": "So a holiday alone would not reliably remove the most binding voting constraint for the low-income workers it is intended to help."
      },
      {
        "antecedent": {
          "strong": [
            "So a holiday alone would not reliably remove the most binding voting constraint for the low-income workers it is intended to help."
          ],
          "from_rules": [
            4
          ],
          "weak_negation": []
        },
        "consequent": "Research indicates that an election-day holiday by itself is not an effective turnout strategy compared with reforms that directly improve voting access."
      },
      {
        "antecedent": {
          "strong": [
            "So a holiday alone would not reliably remove the most binding voting constraint for the low-income workers it is intended to help.",
            "Research indicates that an election-day holiday by itself is not an effective turnout strategy compared with reforms that directly improve voting access."
          ],
          "from_rules": [
            4,
            5
          ],
          "weak_negation": []
        },
        "consequent": "Election Day should not be a national holiday; policymakers should instead pursue more reliable state-level approaches like requiring employer time-off for voting and expanding voter access through automatic voter registration."
      }
    ],
    "Conc": [
      "Designating Election Day as a federal national holiday does not, by itself, create a legal entitlement to paid time off from private employers.",
      "When there is no legal entitlement, low-income workers’ ability to take time to vote depends on discretionary employer practices rather than enforceable rights.",
      "Because many retail and service workers lack enforceable paid time off, they would likely still work or face wage loss to vote.",
      "So a holiday alone would not reliably remove the most binding voting constraint for the low-income workers it is intended to help.",
      "Research indicates that an election-day holiday by itself is not an effective turnout strategy compared with reforms that directly improve voting access.",
      "Election Day should not be a national holiday; policymakers should instead pursue more reliable state-level approaches like requiring employer time-off for voting and expanding voter access through automatic voter registration."
    ],
    "Ass": [
      "Many retail and service employers voluntarily provide paid time off for voting despite no legal requirement.",
      "The holiday would nonetheless reliably eliminate the need for workers to choose between working and losing wages."
    ]
  }
}

[turn] round 1 AG2 counter (rebut on Conc)
  id: arg-ff912a740a
  target: arg-904a502c67
  target_statement: So the expectation should be that an Election Day holiday can reliably reduce time barriers for a large share of voters, producing more than a trivial turnout effect.
“Holding elections on weekends or holidays” in other countries, and polling support, does not by itself establish that a U.S. federal Election Day holiday will reliably reduce time barriers or produce more than a trivial turnout increase. That cross-national fact is observational: countries differ in labor protections (e.g., whether workers actually get paid time to vote), the structure of early/absentee voting, and other administrative voting rules—so election timing alone isn’t a causal driver you can confidently transplant to the U.S. Likewise, broad survey support measures preferences, not whether the policy will meaningfully change the constraints that govern who can actually register and cast ballots.

So the expectation that a holiday will “reliably” improve turnout for a large share of voters doesn’t follow from the OECD and polling evidence cited; the crucial question is whether the policy, in the U.S. institutional context, removes the binding constraints on voting.

[argumentation_model] arg-ff912a740a defeats arg-904a502c67
  attack: rebut on Conc — "So the expectation should be that an Election Day holiday can reliably reduce time barriers for a large share of voters, producing more than a trivial turnout effect."
[turn] round 1 AG1 defeat (rebut on Conc)
  id: arg-3e1bfedfd6
  target: arg-a6636c0c80
  target_statement: So a holiday alone would not reliably remove the most binding voting constraint for the low-income workers it is intended to help.
{
  "Argument": {
    "rules": [
      {
        "antecedent": {
          "strong": [],
          "from_rules": [],
          "weak_negation": []
        },
        "consequent": "Millions of Americans are kept from voting on Election Day because school and work schedules conflict with the time available to vote."
      },
      {
        "antecedent": {
          "strong": [
            "Millions of Americans are kept from voting on Election Day because school and work schedules conflict with the time available to vote."
          ],
          "from_rules": [
            1
          ],
          "weak_negation": []
        },
        "consequent": "A national Election Day holiday would realign schools and many workplaces with holiday/closed or reduced-hours routines, expanding the time windows when people can vote."
      },
      {
        "antecedent": {
          "strong": [
            "A national Election Day holiday would realign schools and many workplaces with holiday/closed or reduced-hours routines, expanding the time windows when people can vote."
          ],
          "from_rules": [
            2
          ],
          "weak_negation": [
            "Many voters still face an unavoidable work shift that prevents voting during the expanded holiday time windows."
          ]
        },
        "consequent": "Therefore, Election Day as a national holiday would reliably reduce the most binding scheduling constraint on voting for many Americans, including low-income workers whose main barrier is lack of workable time due to school/work schedules."
      },
      {
        "antecedent": {
          "strong": [
            "Therefore, Election Day as a national holiday would reliably reduce the most binding scheduling constraint on voting for many Americans, including low-income workers whose main barrier is lack of workable time due to school/work schedules."
          ],
          "from_rules": [
            3
          ],
          "weak_negation": []
        },
        "consequent": "Reducing scheduling barriers increases civic participation and helps make voting a celebration of democracy rather than a chore."
      },
      {
        "antecedent": {
          "strong": [
            "Reducing scheduling barriers increases civic participation and helps make voting a celebration of democracy rather than a chore."
          ],
          "from_rules": [
            4
          ],
          "weak_negation": []
        },
        "consequent": "Election Day should be a national holiday."
      }
    ],
    "Conc": [
      "Millions of Americans are kept from voting on Election Day because school and work schedules conflict with the time available to vote.",
      "A national Election Day holiday would realign schools and many workplaces with holiday/closed or reduced-hours routines, expanding the time windows when people can vote.",
      "Therefore, Election Day as a national holiday would reliably reduce the most binding scheduling constraint on voting for many Americans, including low-income workers whose main barrier is lack of workable time due to school/work schedules.",
      "Reducing scheduling barriers increases civic participation and helps make voting a celebration of democracy rather than a chore.",
      "Election Day should be a national holiday."
    ],
    "Ass": [
      "Many voters still face an unavoidable work shift that prevents voting during the expanded holiday time windows."
    ]
  }
}

[argumentation_model] arg-3e1bfedfd6 defeats arg-a6636c0c80
  attack: rebut on Conc — "So a holiday alone would not reliably remove the most binding voting constraint for the low-income workers it is intended to help."
  rebut established — checking whether arg-904a502c67 already undercuts arg-ff912a740a
  rebut established — checking whether arg-a6636c0c80 already undercuts arg-3e1bfedfd6
  → target does not undercut the rebut: rebut succeeds, defeated
  → target does not undercut the rebut: rebut succeeds, defeated
[turn] round 1 AG1 defeat (undercut on Ass)
  id: arg-4cdc38958a
  target: arg-ff912a740a
  target_statement: so election timing alone isn’t a causal driver you can confidently transplant to the U.S.
A federal Election Day holiday is not just a different day on the calendar. It creates an official, nationwide schedule signal that affects whether schools are in session and how workplaces plan staffing and shifts. That is the mechanism that matters for the specific barrier my stance highlights: inflexible school/work time. Because the policy changes those day-to-day scheduling constraints, it would reduce time barriers for many voters in the U.S., rather than being a mere symbolic calendar tweak.

And beyond time, treating voting as a civic occasion—not a burden—supports my view that Election Day should be a celebration that elevates the importance of civic participation and democracy.

[argumentation_model] arg-4cdc38958a defeats arg-ff912a740a
  attack: undercut on Ass — "so election timing alone isn’t a causal driver you can confidently transplant to the U.S."
  → judge: the undercut is not established: not defeated
[turn] round 1 AG1 defeat (rebut on Conc)
  id: arg-a71622c9e3
  target: arg-ff912a740a
  target_statement: so election timing alone isn’t a causal driver you can confidently transplant to the U.S.
My position is that Election Day should be a national holiday because the scheduling barrier is real and the holiday targets it directly. The target argues that “election timing alone isn’t a causal driver you can confidently transplant to the U.S.” But the mechanism is straightforward and doesn’t depend on transplanting other countries’ entire labor regimes: placing elections on a nationwide non-working day changes whether schools are in session and whether many workplaces can schedule coverage, which is exactly what determines whether people can take time to vote.

So the fact that many OECD countries also schedule elections on weekends/holidays isn’t merely “observational trivia”; it supports that this timing-based intervention is a workable way to reduce time constraints. And polling support in both parties matters because it reflects widespread expectations that a calendar change would remove a practical scheduling obstacle that affects real voting behavior—i.e., it is consistent with the same time-barrier mechanism at the core of my argument.

[argumentation_model] arg-a71622c9e3 defeats arg-ff912a740a
  attack: rebut on Conc — "so election timing alone isn’t a causal driver you can confidently transplant to the U.S."
  rebut established — checking whether arg-ff912a740a already undercuts arg-a71622c9e3
  → target does not undercut the rebut: rebut succeeds, defeated
[turn] round 1 AG2 counter (rebut on Conc)
  id: arg-555aac4331
  target: arg-3e1bfedfd6
  target_statement: Therefore, Election Day as a national holiday would reliably reduce the most binding scheduling constraint on voting for many Americans, including low-income workers whose main barrier is lack of workable time due to school/work schedules.
{
  "Argument": {
    "rules": [
      {
        "antecedent": {
          "strong": [],
          "from_rules": [],
          "weak_negation": []
        },
        "consequent": "Designating Election Day as a federal holiday does not automatically change state-set voting logistics such as polling-place hours and the deadlines for in-person voting."
      },
      {
        "antecedent": {
          "strong": [
            "Designating Election Day as a federal holiday does not automatically change state-set voting logistics such as polling-place hours and the deadlines for in-person voting."
          ],
          "from_rules": [
            1
          ],
          "weak_negation": []
        },
        "consequent": "So, even if schools and many workplaces close, voters who cannot realistically reach and vote within existing polling hours/deadlines would remain unable to vote."
      },
      {
        "antecedent": {
          "strong": [
            "So, even if schools and many workplaces close, voters who cannot realistically reach and vote within existing polling hours/deadlines would remain unable to vote."
          ],
          "from_rules": [
            2
          ],
          "weak_negation": [
            "States also expand polling hours or in-person voting deadlines in response to the federal holiday."
          ]
        },
        "consequent": "Therefore, a national Election Day holiday by itself would not reliably eliminate the most binding scheduling constraint for many voters, including low-income voters."
      },
      {
        "antecedent": {
          "strong": [
            "Therefore, a national Election Day holiday by itself would not reliably eliminate the most binding scheduling constraint for many voters, including low-income voters."
          ],
          "from_rules": [
            3
          ],
          "weak_negation": []
        },
        "consequent": "Election Day should not be made a national holiday as a standalone reform; policymakers should instead change state election rules that control workable voting time windows."
      }
    ],
    "Conc": [
      "Designating Election Day as a federal holiday does not automatically change state-set voting logistics such as polling-place hours and the deadlines for in-person voting.",
      "So, even if schools and many workplaces close, voters who cannot realistically reach and vote within existing polling hours/deadlines would remain unable to vote.",
      "Therefore, a national Election Day holiday by itself would not reliably eliminate the most binding scheduling constraint for many voters, including low-income voters.",
      "Election Day should not be made a national holiday as a standalone reform; policymakers should instead change state election rules that control workable voting time windows."
    ],
    "Ass": [
      "States also expand polling hours or in-person voting deadlines in response to the federal holiday."
    ]
  }
}

[argumentation_model] arg-555aac4331 defeats arg-3e1bfedfd6
  attack: rebut on Conc — "Therefore, Election Day as a national holiday would reliably reduce the most binding scheduling constraint on voting for many Americans, including low-income workers whose main barrier is lack of workable time due to school/work schedules."
  rebut established — checking whether arg-3e1bfedfd6 already undercuts arg-555aac4331
  → target does not undercut the rebut: rebut succeeds, defeated
[system] log saved -> /var/services/masuo/Dialect-MAS/logs/experiment_20261009_070219/turns10/raw_dialogue/Elections_Presidents/election_day/01_no_schema_20261009_070537_656790.json
[turn] round 1 AG1 defeat (rebut on Conc)
  id: arg-984374cc95
  target: arg-555aac4331
  target_statement: Election Day should not be made a national holiday as a standalone reform; policymakers should instead change state election rules that control workable voting time windows.
{
  "Argument": {
    "rules": [
      {
        "antecedent": {
          "strong": [],
          "from_rules": [],
          "weak_negation": []
        },
        "consequent": "Millions of Americans are kept from voting on Election Day because school and work schedules conflict with the time available to vote."
      },
      {
        "antecedent": {
          "strong": [
            "Millions of Americans are kept from voting on Election Day because school and work schedules conflict with the time available to vote."
          ],
          "from_rules": [
            1
          ],
          "weak_negation": []
        },
        "consequent": "Declaring Election Day a national holiday would ease those schedule conflicts by giving schools and many workplaces a holiday/low-operations day, expanding practical time windows for voting."
      },
      {
        "antecedent": {
          "strong": [
            "Declaring Election Day a national holiday would ease those schedule conflicts by giving schools and many workplaces a holiday/low-operations day, expanding practical time windows for voting."
          ],
          "from_rules": [
            2
          ],
          "weak_negation": []
        },
        "consequent": "Easing day-to-day scheduling barriers increases civic participation and helps make voting feel like a celebration of democracy rather than a chore."
      },
      {
        "antecedent": {
          "strong": [],
          "from_rules": [],
          "weak_negation": []
        },
        "consequent": "Support is broad and bipartisan (71% of Democrats and 59% of Republicans), and the approach is feasible and widely used internationally (27 of 36 OECD countries hold elections on weekends or holidays)."
      },
      {
        "antecedent": {
          "strong": [
            "Easing day-to-day scheduling barriers increases civic participation and helps make voting feel like a celebration of democracy rather than a chore.",
            "Support is broad and bipartisan (71% of Democrats and 59% of Republicans), and the approach is feasible and widely used internationally (27 of 36 OECD countries hold elections on weekends or holidays)."
          ],
          "from_rules": [
            3,
            4
          ],
          "weak_negation": []
        },
        "consequent": "Election Day should be a national holiday."
      }
    ],
    "Conc": [
      "Millions of Americans are kept from voting on Election Day because school and work schedules conflict with the time available to vote.",
      "Declaring Election Day a national holiday would ease those schedule conflicts by giving schools and many workplaces a holiday/low-operations day, expanding practical time windows for voting.",
      "Easing day-to-day scheduling barriers increases civic participation and helps make voting feel like a celebration of democracy rather than a chore.",
      "Support is broad and bipartisan (71% of Democrats and 59% of Republicans), and the approach is feasible and widely used internationally (27 of 36 OECD countries hold elections on weekends or holidays).",
      "Election Day should be a national holiday."
    ],
    "Ass": []
  }
}

[argumentation_model] arg-984374cc95 defeats arg-555aac4331
  attack: rebut on Conc — "Election Day should not be made a national holiday as a standalone reform; policymakers should instead change state election rules that control workable voting time windows."
  rebut established — checking whether arg-555aac4331 already undercuts arg-984374cc95
  → target does not undercut the rebut: rebut succeeds, defeated
[turn] round 1 AG2 counter (rebut on Conc)
  id: arg-cf89dd1b69
  target: arg-984374cc95
  target_statement: Easing day-to-day scheduling barriers increases civic participation and helps make voting feel like a celebration of democracy rather than a chore.
{
  "Argument": {
    "rules": [
      {
        "antecedent": {
          "strong": [],
          "from_rules": [],
          "weak_negation": []
        },
        "consequent": "Making Election Day a national holiday by itself is not an effective turnout strategy compared with reforms that directly improve voting access."
      },
      {
        "antecedent": {
          "strong": [
            "Making Election Day a national holiday by itself is not an effective turnout strategy compared with reforms that directly improve voting access."
          ],
          "from_rules": [
            1
          ],
          "weak_negation": []
        },
        "consequent": "A federal Election Day holiday primarily changes the day’s calendar, but it does not automatically reform state-set voting access factors like registration friction and other election logistics."
      },
      {
        "antecedent": {
          "strong": [
            "A federal Election Day holiday primarily changes the day’s calendar, but it does not automatically reform state-set voting access factors like registration friction and other election logistics."
          ],
          "from_rules": [
            2
          ],
          "weak_negation": []
        },
        "consequent": "Turnout gains require removing the specific binding constraints that prevent people from voting; if only scheduling is relaxed while other constraints remain, turnout effects will be limited."
      },
      {
        "antecedent": {
          "strong": [
            "Turnout gains require removing the specific binding constraints that prevent people from voting; if only scheduling is relaxed while other constraints remain, turnout effects will be limited."
          ],
          "from_rules": [
            3
          ],
          "weak_negation": []
        },
        "consequent": "Therefore, easing day-to-day scheduling barriers through an Election Day holiday alone would not reliably increase civic participation."
      },
      {
        "antecedent": {
          "strong": [
            "Therefore, easing day-to-day scheduling barriers through an Election Day holiday alone would not reliably increase civic participation."
          ],
          "from_rules": [
            4
          ],
          "weak_negation": []
        },
        "consequent": "Election Day should not be made a national holiday as a standalone reform; policymakers should instead pursue more reliable state-level voting-access reforms such as requiring employer time-off for voting and expanding voter access through automatic voter registration."
      }
    ],
    "Conc": [
      "Making Election Day a national holiday by itself is not an effective turnout strategy compared with reforms that directly improve voting access.",
      "A federal Election Day holiday primarily changes the day’s calendar, but it does not automatically reform state-set voting access factors like registration friction and other election logistics.",
      "Turnout gains require removing the specific binding constraints that prevent people from voting; if only scheduling is relaxed while other constraints remain, turnout effects will be limited.",
      "Therefore, easing day-to-day scheduling barriers through an Election Day holiday alone would not reliably increase civic participation.",
      "Election Day should not be made a national holiday as a standalone reform; policymakers should instead pursue more reliable state-level voting-access reforms such as requiring employer time-off for voting and expanding voter access through automatic voter registration."
    ],
    "Ass": []
  }
}

[argumentation_model] arg-cf89dd1b69 defeats arg-984374cc95
  attack: rebut on Conc — "Easing day-to-day scheduling barriers increases civic participation and helps make voting feel like a celebration of democracy rather than a chore."
  rebut established — checking whether arg-984374cc95 already undercuts arg-cf89dd1b69
  → target does not undercut the rebut: rebut succeeds, defeated
[turn] round 2 AG1 main
  id: arg-24eef27aa5
{
  "Argument": {
    "rules": [
      {
        "antecedent": {
          "strong": [],
          "from_rules": [],
          "weak_negation": []
        },
        "consequent": "Millions of Americans are kept from voting on Election Day because school and work schedules conflict with the time available to vote."
      },
      {
        "antecedent": {
          "strong": [
            "Millions of Americans are kept from voting on Election Day because school and work schedules conflict with the time available to vote."
          ],
          "from_rules": [
            1
          ],
          "weak_negation": []
        },
        "consequent": "The fact that 27 of 36 OECD countries hold elections on weekends or holidays indicates that moving Election Day onto non-school/non-work days is a workable way to manage schedule conflicts for voters, rather than making voting depend solely on employer-by-employer paid-time-off decisions."
      },
      {
        "antecedent": {
          "strong": [
            "The fact that 27 of 36 OECD countries hold elections on weekends or holidays indicates that moving Election Day onto non-school/non-work days is a workable way to manage schedule conflicts for voters, rather than making voting depend solely on employer-by-employer paid-time-off decisions."
          ],
          "from_rules": [
            2
          ],
          "weak_negation": []
        },
        "consequent": "Because Election Day would fall on a non-school/non-work day, it would reduce scheduling barriers and make voting feel less like a chore and more like a civic celebration, increasing civic participation."
      },
      {
        "antecedent": {
          "strong": [],
          "from_rules": [],
          "weak_negation": []
        },
        "consequent": "Support for making Election Day a national holiday is broad and bipartisan (71% of Democrats and 59% of Republicans in favor)."
      },
      {
        "antecedent": {
          "strong": [
            "Because Election Day would fall on a non-school/non-work day, it would reduce scheduling barriers and make voting feel less like a chore and more like a civic celebration, increasing civic participation.",
            "Support for making Election Day a national holiday is broad and bipartisan (71% of Democrats and 59% of Republicans in favor)."
          ],
          "from_rules": [
            3,
            4
          ],
          "weak_negation": []
        },
        "consequent": "Election Day should be a national holiday."
      }
    ],
    "Conc": [
      "Millions of Americans are kept from voting on Election Day because school and work schedules conflict with the time available to vote.",
      "The fact that 27 of 36 OECD countries hold elections on weekends or holidays indicates that moving Election Day onto non-school/non-work days is a workable way to manage schedule conflicts for voters, rather than making voting depend solely on employer-by-employer paid-time-off decisions.",
      "Because Election Day would fall on a non-school/non-work day, it would reduce scheduling barriers and make voting feel less like a chore and more like a civic celebration, increasing civic participation.",
      "Support for making Election Day a national holiday is broad and bipartisan (71% of Democrats and 59% of Republicans in favor).",
      "Election Day should be a national holiday."
    ],
    "Ass": []
  }
}

[turn] round 2 AG2 defeat (rebut on Conc)
  id: arg-d043e71a70
  target: arg-24eef27aa5
  target_statement: Because Election Day would fall on a non-school/non-work day, it would reduce scheduling barriers and make voting feel less like a chore and more like a civic celebration, increasing civic participation.
{
  "Argument": {
    "rules": [
      {
        "antecedent": {
          "strong": [],
          "from_rules": [],
          "weak_negation": []
        },
        "consequent": "A federal Election Day holiday does not, by itself, obligate private employers to give paid time off and does not automatically compel states to expand polling-place hours or in-person voting deadlines."
      },
      {
        "antecedent": {
          "strong": [
            "A federal Election Day holiday does not, by itself, obligate private employers to give paid time off and does not automatically compel states to expand polling-place hours or in-person voting deadlines."
          ],
          "from_rules": [
            1
          ],
          "weak_negation": [
            "States automatically expand polling hours or in-person voting deadlines because Election Day is a federal holiday",
            "Most private retail and service employers automatically provide paid time off for voting solely because of the holiday"
          ]
        },
        "consequent": "When employers must still run normal schedules and polling hours/deadlines largely stay the same, many low-income workers and other constrained voters would still face day-of scheduling barriers to voting."
      },
      {
        "antecedent": {
          "strong": [
            "When employers must still run normal schedules and polling hours/deadlines largely stay the same, many low-income workers and other constrained voters would still face day-of scheduling barriers to voting."
          ],
          "from_rules": [
            2
          ],
          "weak_negation": []
        },
        "consequent": "Therefore, simply shifting Election Day onto a non-school/non-work calendar does not reliably reduce scheduling barriers for voting."
      },
      {
        "antecedent": {
          "strong": [
            "Therefore, simply shifting Election Day onto a non-school/non-work calendar does not reliably reduce scheduling barriers for voting."
          ],
          "from_rules": [
            3
          ],
          "weak_negation": []
        },
        "consequent": "A national holiday is not a sufficient or reliable standalone strategy to increase turnout because it does not ensure the enforceable time-and-logistics changes that overcome the binding constraints for many voters."
      }
    ],
    "Conc": [
      "A federal Election Day holiday does not, by itself, obligate private employers to give paid time off and does not automatically compel states to expand polling-place hours or in-person voting deadlines.",
      "When employers must still run normal schedules and polling hours/deadlines largely stay the same, many low-income workers and other constrained voters would still face day-of scheduling barriers to voting.",
      "Therefore, simply shifting Election Day onto a non-school/non-work calendar does not reliably reduce scheduling barriers for voting.",
      "A national holiday is not a sufficient or reliable standalone strategy to increase turnout because it does not ensure the enforceable time-and-logistics changes that overcome the binding constraints for many voters."
    ],
    "Ass": [
      "States automatically expand polling hours or in-person voting deadlines because Election Day is a federal holiday",
      "Most private retail and service employers automatically provide paid time off for voting solely because of the holiday"
    ]
  }
}

[argumentation_model] arg-d043e71a70 defeats arg-24eef27aa5
  attack: rebut on Conc — "Because Election Day would fall on a non-school/non-work day, it would reduce scheduling barriers and make voting feel less like a chore and more like a civic celebration, increasing civic participation."
  rebut established — checking whether arg-24eef27aa5 already undercuts arg-d043e71a70
  → target does not undercut the rebut: rebut succeeds, defeated
[system] log saved -> /var/services/masuo/Dialect-MAS/logs/experiment_20261009_070219/turns10/raw_dialogue/Elections_Presidents/election_day/01_schema_20261009_070748_116842.json
saved /var/services/masuo/Dialect-MAS/logs/experiment_20261009_070219/turns10/raw_dialogue/Elections_Presidents/election_day/01_schema_20261009_070748_116842.json
saved /var/services/masuo/Dialect-MAS/logs/experiment_20261009_070219/turns10/raw_dialogue/Elections_Presidents/election_day/01_no_schema_20261009_070537_656790.json
