logs -> /var/services/masuo/Dialect-MAS/logs/experiment_20261009_022938
=== 2 runs（同時 2）===
[turn] round 1 AG1 main
  id: arg-a8c9e89573
Election Day should be a national holiday because school and work schedules currently create scheduling barriers that keep millions of Americans from voting; making Election Day a holiday would remove those barriers by giving people time to vote. Beyond making voting easier, treating Election Day as a celebration—rather than a chore—would elevate the importance of civic participation and democracy itself. This approach also has broad public support (71% of Democrats and 59% of Republicans) and aligns with established practice abroad, since 27 of 36 OECD countries hold elections on weekends or holidays.

[turn] round 1 AG2 defeat (undercut on Ass)
  id: arg-cbd7b0629a
  target: arg-a8c9e89573
  target_statement: Election Day should be a national holiday because school and work schedules currently create scheduling barriers that keep millions of Americans from voting; making Election Day a holiday would remove those barriers by giving people time to vote.
A “national holiday” designation at the federal level does not automatically give workers—especially those employed by private companies—the paid time off needed to vote. Federal law does not require private employers to treat Election Day as a day off or to pay workers for time to vote; in sectors like retail and other essential customer-facing services, employees often must work regardless. That means the very workers most likely to face rigid schedules and hourly pay—disproportionately low-income workers—may still be working on Election Day, or they may have to choose between voting and lost wages. So turning Election Day into a holiday is not a reliable way to remove the scheduling barriers the target highlights, and it can disadvantage the people who would benefit most from assured time to vote.

[argumentation_model] arg-cbd7b0629a defeats arg-a8c9e89573
  attack: undercut on Ass — "Election Day should be a national holiday because school and work schedules currently create scheduling barriers that keep millions of Americans from voting; making Election Day a holiday would remove those barriers by giving people time to vote."
  → judge: undercut established: defeated
[turn] round 1 AG1 main
  id: arg-a2292a25bb
{
  "Argument": {
    "rules": [
      {
        "antecedent": {
          "strong": [],
          "from_rules": [],
          "weak_negation": []
        },
        "consequent": "Scheduling demands from school and work keep millions of Americans from voting on Election Day."
      },
      {
        "antecedent": {
          "strong": [
            "Scheduling demands from school and work keep millions of Americans from voting on Election Day."
          ],
          "from_rules": [
            1
          ],
          "weak_negation": []
        },
        "consequent": "Making Election Day a national holiday would reduce those scheduling barriers by giving many workers and students time to vote."
      },
      {
        "antecedent": {
          "strong": [
            "Making Election Day a national holiday would reduce those scheduling barriers by giving many workers and students time to vote."
          ],
          "from_rules": [
            2
          ],
          "weak_negation": []
        },
        "consequent": "When scheduling barriers are reduced, more eligible people are able to cast ballots."
      },
      {
        "antecedent": {
          "strong": [
            "When scheduling barriers are reduced, more eligible people are able to cast ballots."
          ],
          "from_rules": [
            3
          ],
          "weak_negation": []
        },
        "consequent": "More people voting increases civic participation and strengthens democratic government."
      },
      {
        "antecedent": {
          "strong": [
            "More people voting increases civic participation and strengthens democratic government."
          ],
          "from_rules": [
            4
          ],
          "weak_negation": []
        },
        "consequent": "A holiday also frames voting as a civic celebration rather than a chore, elevating the importance of democracy itself and encouraging participation."
      },
      {
        "antecedent": {
          "strong": [
            "A holiday also frames voting as a civic celebration rather than a chore, elevating the importance of democracy itself and encouraging participation."
          ],
          "from_rules": [
            5
          ],
          "weak_negation": []
        },
        "consequent": "The measure has broad bipartisan backing: 71% of Democrats and 59% of Republicans support it."
      },
      {
        "antecedent": {
          "strong": [
            "The measure has broad bipartisan backing: 71% of Democrats and 59% of Republicans support it."
          ],
          "from_rules": [
            6
          ],
          "weak_negation": []
        },
        "consequent": "Internationally, 27 of 36 OECD countries hold elections on weekends or holidays, indicating the approach is workable."
      },
      {
        "antecedent": {
          "strong": [
            "Internationally, 27 of 36 OECD countries hold elections on weekends or holidays, indicating the approach is workable."
          ],
          "from_rules": [
            7
          ],
          "weak_negation": []
        },
        "consequent": "Election Day should be a national holiday."
      }
    ],
    "Conc": [
      "Scheduling demands from school and work keep millions of Americans from voting on Election Day.",
      "Making Election Day a national holiday would reduce those scheduling barriers by giving many workers and students time to vote.",
      "When scheduling barriers are reduced, more eligible people are able to cast ballots.",
      "More people voting increases civic participation and strengthens democratic government.",
      "A holiday also frames voting as a civic celebration rather than a chore, elevating the importance of democracy itself and encouraging participation.",
      "The measure has broad bipartisan backing: 71% of Democrats and 59% of Republicans support it.",
      "Internationally, 27 of 36 OECD countries hold elections on weekends or holidays, indicating the approach is workable.",
      "Election Day should be a national holiday."
    ],
    "Ass": []
  }
}

[turn] round 1 AG2 defeat (rebut on Conc)
  id: arg-9778cdcfa7
  target: arg-a2292a25bb
  target_statement: Making Election Day a national holiday would reduce those scheduling barriers by giving many workers and students time to vote.
{
  "Argument": {
    "rules": [
      {
        "antecedent": {
          "strong": [],
          "from_rules": [],
          "weak_negation": []
        },
        "consequent": "A federal holiday does not require private employers to close or provide paid time off."
      },
      {
        "antecedent": {
          "strong": [
            "A federal holiday does not require private employers to close or provide paid time off."
          ],
          "from_rules": [
            1
          ],
          "weak_negation": []
        },
        "consequent": "Many of the workers most affected by Election Day work-schedule conflicts are employed by private retail and service employers."
      },
      {
        "antecedent": {
          "strong": [
            "Many of the workers most affected by Election Day work-schedule conflicts are employed by private retail and service employers."
          ],
          "from_rules": [
            2
          ],
          "weak_negation": []
        },
        "consequent": "Because those employers can keep workers scheduled (or only allow unpaid time), a national Election Day holiday would not reliably give many such workers time to vote."
      },
      {
        "antecedent": {
          "strong": [
            "Because those employers can keep workers scheduled (or only allow unpaid time), a national Election Day holiday would not reliably give many such workers time to vote."
          ],
          "from_rules": [
            3
          ],
          "weak_negation": []
        },
        "consequent": "Making Election Day a national holiday would not reliably reduce the scheduling barriers that prevent many Americans from voting on Election Day."
      }
    ],
    "Conc": [
      "A federal holiday does not require private employers to close or provide paid time off.",
      "Many of the workers most affected by Election Day work-schedule conflicts are employed by private retail and service employers.",
      "Because those employers can keep workers scheduled (or only allow unpaid time), a national Election Day holiday would not reliably give many such workers time to vote.",
      "Making Election Day a national holiday would not reliably reduce the scheduling barriers that prevent many Americans from voting on Election Day."
    ],
    "Ass": []
  }
}

[argumentation_model] arg-9778cdcfa7 defeats arg-a2292a25bb
  attack: rebut on Conc — "Making Election Day a national holiday would reduce those scheduling barriers by giving many workers and students time to vote."
  → judge: no conclusion of the attack contradicts the target statement: not defeated
[turn] round 1 AG2 main
  id: arg-04b769c783
No—Election Day should not be made a national holiday. The core justification is usually that a holiday would boost turnout by removing scheduling barriers, but research shows that having an election holiday “by itself” is not an effective strategy for increasing voter turnout compared to other voting-access reforms. If the holiday doesn’t reliably change turnout outcomes, then it’s a weak policy lever relative to reforms that directly address the mechanisms that keep people from voting.

More reliable approaches are state-law changes that require employers to provide time off for voting, and administrative reforms like automatic voter registration that reduce friction for eligible voters. Since these measures target specific voting barriers more directly—and because a holiday alone has not proven to be an effective turnout tool—the better policy path is to pursue those approaches rather than adopting a nationwide Election Day holiday.

[turn] round 1 AG2 defeat (rebut on Conc)
  id: arg-fe03163e3d
  target: arg-a2292a25bb
  target_statement: Election Day should be a national holiday.
{
  "Argument": {
    "rules": [
      {
        "antecedent": {
          "strong": [],
          "from_rules": [],
          "weak_negation": []
        },
        "consequent": "A federal Election Day holiday does not require most private employers to close or provide paid time off."
      },
      {
        "antecedent": {
          "strong": [
            "A federal Election Day holiday does not require most private employers to close or provide paid time off."
          ],
          "from_rules": [
            1
          ],
          "weak_negation": []
        },
        "consequent": "Because many workers who most need flexibility are in private retail and service jobs, a federal holiday would not reliably remove the work-schedule barrier for low-income voters (and could leave some facing wage loss to vote)."
      },
      {
        "antecedent": {
          "strong": [
            "Because many workers who most need flexibility are in private retail and service jobs, a federal holiday would not reliably remove the work-schedule barrier for low-income voters (and could leave some facing wage loss to vote)."
          ],
          "from_rules": [
            2
          ],
          "weak_negation": []
        },
        "consequent": "An Election Day holiday therefore disadvantages low-income workers relative to reforms that directly ensure time-off to vote or make voting easier in other ways."
      },
      {
        "antecedent": {
          "strong": [],
          "from_rules": [],
          "weak_negation": []
        },
        "consequent": "Research indicates that making Election Day a holiday by itself is not an effective strategy for increasing voter turnout compared with other voting-access reforms."
      },
      {
        "antecedent": {
          "strong": [
            "An Election Day holiday therefore disadvantages low-income workers relative to reforms that directly ensure time-off to vote or make voting easier in other ways.",
            "Research indicates that making Election Day a holiday by itself is not an effective strategy for increasing voter turnout compared with other voting-access reforms."
          ],
          "from_rules": [
            3,
            4
          ],
          "weak_negation": []
        },
        "consequent": "Election Day should not be a national holiday; instead, state-level reforms such as requiring employer time-off for voting and implementing automatic voter registration are more reliable ways to improve voting access."
      }
    ],
    "Conc": [
      "A federal Election Day holiday does not require most private employers to close or provide paid time off.",
      "Because many workers who most need flexibility are in private retail and service jobs, a federal holiday would not reliably remove the work-schedule barrier for low-income voters (and could leave some facing wage loss to vote).",
      "An Election Day holiday therefore disadvantages low-income workers relative to reforms that directly ensure time-off to vote or make voting easier in other ways.",
      "Research indicates that making Election Day a holiday by itself is not an effective strategy for increasing voter turnout compared with other voting-access reforms.",
      "Election Day should not be a national holiday; instead, state-level reforms such as requiring employer time-off for voting and implementing automatic voter registration are more reliable ways to improve voting access."
    ],
    "Ass": []
  }
}

[argumentation_model] arg-fe03163e3d defeats arg-a2292a25bb
  attack: rebut on Conc — "Election Day should be a national holiday."
  rebut established — checking whether arg-a2292a25bb already undercuts arg-fe03163e3d
  → target does not undercut the rebut: rebut succeeds, defeated
[turn] round 1 AG1 defeat (rebut on Conc)
  id: arg-3391e8d3a7
  target: arg-04b769c783
  target_statement: The core justification is usually that a holiday would boost turnout by removing scheduling barriers, but research shows that having an election holiday “by itself” is not an effective strategy for increasing voter turnout compared to other voting-access reforms.
Making Election Day a national holiday is a direct voting-access reform, not a mere symbolic change. The specific barrier millions face is rigid work and school schedules that limit when they can vote. A holiday gives people protected time to vote, which directly addresses that scheduling constraint—so the claim that a holiday “by itself” is not an effective turnout strategy is mistaken. Even if other reforms like employer-provided time off or registration simplification also help, an Election Day holiday still removes a major time-based obstacle that those other reforms may not fully solve for everyone.

[argumentation_model] arg-3391e8d3a7 defeats arg-04b769c783
  attack: rebut on Conc — "The core justification is usually that a holiday would boost turnout by removing scheduling barriers, but research shows that having an election holiday “by itself” is not an effective strategy for increasing voter turnout compared to other voting-access reforms."
  rebut established — checking whether arg-04b769c783 already undercuts arg-3391e8d3a7
  → target does not undercut the rebut: rebut succeeds, defeated
[turn] round 1 AG2 counter (undercut on Ass)
  id: arg-36b8dd4817
  target: arg-3391e8d3a7
  target_statement: A holiday gives people protected time to vote, which directly addresses that scheduling constraint—so the claim that a holiday “by itself” is not an effective turnout strategy is mistaken.
A federal “national holiday” designation doesn’t reliably give workers protected time to vote, because federal law generally doesn’t force private employers to close or provide paid time off on that day. That means the scheduling barrier the target highlights can remain in practice—especially in retail and other essential service jobs where employees may still be scheduled. So the claim that a holiday directly supplies time to vote (and thus fixes the scheduling constraint) is not consistently true in the real workplace context.

[argumentation_model] arg-36b8dd4817 defeats arg-3391e8d3a7
  attack: undercut on Ass — "A holiday gives people protected time to vote, which directly addresses that scheduling constraint—so the claim that a holiday “by itself” is not an effective turnout strategy is mistaken."
  → judge: undercut established: defeated
[turn] round 1 AG1 defeat (undercut on Ass)
  id: arg-a630640f39
  target: arg-36b8dd4817
  target_statement: A federal “national holiday” designation doesn’t reliably give workers protected time to vote, because federal law generally doesn’t force private employers to close or provide paid time off on that day.
The argument assumes that workers only get protected time to vote when federal law compels employers to close or provide paid time off. But a federal Election Day holiday would still change schedules in practice—schools would observe the holiday, and many workplaces normally operate on holiday schedules—so large numbers of people would have time to vote even without a universal employer-payout mandate. And because Election Day would be framed as a civic celebration (not just a day people must fit into a work shift), employers are more likely to accommodate voting hours, undercutting the claim that the scheduling barrier can “remain in practice” for most people.

[argumentation_model] arg-a630640f39 defeats arg-36b8dd4817
  attack: undercut on Ass — "A federal “national holiday” designation doesn’t reliably give workers protected time to vote, because federal law generally doesn’t force private employers to close or provide paid time off on that day."
  → judge: undercut established: defeated
[turn] round 1 AG2 main
  id: arg-964287c9bb
{
  "Argument": {
    "rules": [
      {
        "antecedent": {
          "strong": [],
          "from_rules": [],
          "weak_negation": []
        },
        "consequent": "Voting-access reforms are most justified when they reliably let low-income voters take time to vote without facing wage loss or new barriers."
      },
      {
        "antecedent": {
          "strong": [
            "Voting-access reforms are most justified when they reliably let low-income voters take time to vote without facing wage loss or new barriers."
          ],
          "from_rules": [
            1
          ],
          "weak_negation": []
        },
        "consequent": "A federal Election Day holiday does not, by itself, guarantee that private employers provide paid or job-protected time off, so low-income workers may still face wage loss or scheduling conflicts on Election Day."
      },
      {
        "antecedent": {
          "strong": [
            "A federal Election Day holiday does not, by itself, guarantee that private employers provide paid or job-protected time off, so low-income workers may still face wage loss or scheduling conflicts on Election Day."
          ],
          "from_rules": [
            2
          ],
          "weak_negation": []
        },
        "consequent": "Because those risks fall hardest on people with the fewest options for paid time off, a holiday is likely to disadvantage low-income voters rather than reliably remove their voting-time barrier."
      },
      {
        "antecedent": {
          "strong": [
            "Because those risks fall hardest on people with the fewest options for paid time off, a holiday is likely to disadvantage low-income voters rather than reliably remove their voting-time barrier."
          ],
          "from_rules": [
            3
          ],
          "weak_negation": []
        },
        "consequent": "Research indicates that making Election Day a holiday by itself is not an effective turnout strategy compared to other voting-access reforms."
      },
      {
        "antecedent": {
          "strong": [
            "Research indicates that making Election Day a holiday by itself is not an effective turnout strategy compared to other voting-access reforms."
          ],
          "from_rules": [
            4
          ],
          "weak_negation": []
        },
        "consequent": "Election Day should not be a national holiday; state-level reforms that directly ensure voting time and access (e.g., laws requiring employer time-off for voting and automatic voter registration) are a more reliable approach."
      }
    ],
    "Conc": [
      "Voting-access reforms are most justified when they reliably let low-income voters take time to vote without facing wage loss or new barriers.",
      "A federal Election Day holiday does not, by itself, guarantee that private employers provide paid or job-protected time off, so low-income workers may still face wage loss or scheduling conflicts on Election Day.",
      "Because those risks fall hardest on people with the fewest options for paid time off, a holiday is likely to disadvantage low-income voters rather than reliably remove their voting-time barrier.",
      "Research indicates that making Election Day a holiday by itself is not an effective turnout strategy compared to other voting-access reforms.",
      "Election Day should not be a national holiday; state-level reforms that directly ensure voting time and access (e.g., laws requiring employer time-off for voting and automatic voter registration) are a more reliable approach."
    ],
    "Ass": []
  }
}

[turn] round 1 AG1 defeat (rebut on Conc)
  id: arg-77cedfa4dd
  target: arg-964287c9bb
  target_statement: Election Day should not be a national holiday; state-level reforms that directly ensure voting time and access (e.g., laws requiring employer time-off for voting and automatic voter registration) are a more reliable approach.
{
  "Argument": {
    "rules": [
      {
        "antecedent": {
          "strong": [],
          "from_rules": [],
          "weak_negation": []
        },
        "consequent": "Scheduling demands from school and work keep millions of Americans from voting on Election Day."
      },
      {
        "antecedent": {
          "strong": [
            "Scheduling demands from school and work keep millions of Americans from voting on Election Day."
          ],
          "from_rules": [
            1
          ],
          "weak_negation": []
        },
        "consequent": "Making Election Day a national holiday would give many workers and students time to vote, thereby reducing those scheduling barriers."
      },
      {
        "antecedent": {
          "strong": [
            "Making Election Day a national holiday would give many workers and students time to vote, thereby reducing those scheduling barriers."
          ],
          "from_rules": [
            2
          ],
          "weak_negation": []
        },
        "consequent": "When scheduling barriers are reduced, more eligible people are able to cast ballots."
      },
      {
        "antecedent": {
          "strong": [
            "When scheduling barriers are reduced, more eligible people are able to cast ballots."
          ],
          "from_rules": [
            3
          ],
          "weak_negation": []
        },
        "consequent": "More people voting increases civic participation and strengthens democratic government, and a holiday frames voting as a civic celebration rather than a chore."
      },
      {
        "antecedent": {
          "strong": [
            "More people voting increases civic participation and strengthens democratic government, and a holiday frames voting as a civic celebration rather than a chore."
          ],
          "from_rules": [
            4
          ],
          "weak_negation": []
        },
        "consequent": "Election Day should be a national holiday rather than being rejected in favor of alternative reforms."
      }
    ],
    "Conc": [
      "Scheduling demands from school and work keep millions of Americans from voting on Election Day.",
      "Making Election Day a national holiday would give many workers and students time to vote, thereby reducing those scheduling barriers.",
      "When scheduling barriers are reduced, more eligible people are able to cast ballots.",
      "More people voting increases civic participation and strengthens democratic government, and a holiday frames voting as a civic celebration rather than a chore.",
      "Election Day should be a national holiday rather than being rejected in favor of alternative reforms."
    ],
    "Ass": []
  }
}

[argumentation_model] arg-77cedfa4dd defeats arg-964287c9bb
  attack: rebut on Conc — "Election Day should not be a national holiday; state-level reforms that directly ensure voting time and access (e.g., laws requiring employer time-off for voting and automatic voter registration) are a more reliable approach."
  rebut established — checking whether arg-964287c9bb already undercuts arg-77cedfa4dd
  → target does not undercut the rebut: rebut succeeds, defeated
[turn] round 1 AG2 counter (rebut on Conc)
  id: arg-a8b5b8bf9c
  target: arg-77cedfa4dd
  target_statement: Election Day should be a national holiday rather than being rejected in favor of alternative reforms.
{
  "Argument": {
    "rules": [
      {
        "antecedent": {
          "strong": [],
          "from_rules": [],
          "weak_negation": []
        },
        "consequent": "Voter turnout depends on multiple access constraints, not only on whether voters have time off on Election Day."
      },
      {
        "antecedent": {
          "strong": [
            "Voter turnout depends on multiple access constraints, not only on whether voters have time off on Election Day."
          ],
          "from_rules": [
            1
          ],
          "weak_negation": []
        },
        "consequent": "A national Election Day holiday primarily changes school/work schedules on Election Day, but does not directly remove many other constraints such as eligibility/registration hurdles, polling-place accessibility, and practical needs like transportation/childcare and adequate information/assistance."
      },
      {
        "antecedent": {
          "strong": [
            "A national Election Day holiday primarily changes school/work schedules on Election Day, but does not directly remove many other constraints such as eligibility/registration hurdles, polling-place accessibility, and practical needs like transportation/childcare and adequate information/assistance."
          ],
          "from_rules": [
            2
          ],
          "weak_negation": []
        },
        "consequent": "Even if a holiday reduces some scheduling barriers, it will not reliably increase the share of eligible people who can cast ballots because many other barriers remain."
      },
      {
        "antecedent": {
          "strong": [
            "Even if a holiday reduces some scheduling barriers, it will not reliably increase the share of eligible people who can cast ballots because many other barriers remain."
          ],
          "from_rules": [
            3
          ],
          "weak_negation": []
        },
        "consequent": "Reforms that directly target this broader set of constraints (e.g., automatic voter registration and enforceable voting time-off) are more likely to produce turnout gains than a holiday that addresses only schedules."
      },
      {
        "antecedent": {
          "strong": [
            "Reforms that directly target this broader set of constraints (e.g., automatic voter registration and enforceable voting time-off) are more likely to produce turnout gains than a holiday that addresses only schedules."
          ],
          "from_rules": [
            4
          ],
          "weak_negation": []
        },
        "consequent": "Election Day should not be a national holiday; policymakers should prioritize targeted voting-access reforms instead."
      }
    ],
    "Conc": [
      "Voter turnout depends on multiple access constraints, not only on whether voters have time off on Election Day.",
      "A national Election Day holiday primarily changes school/work schedules on Election Day, but does not directly remove many other constraints such as eligibility/registration hurdles, polling-place accessibility, and practical needs like transportation/childcare and adequate information/assistance.",
      "Even if a holiday reduces some scheduling barriers, it will not reliably increase the share of eligible people who can cast ballots because many other barriers remain.",
      "Reforms that directly target this broader set of constraints (e.g., automatic voter registration and enforceable voting time-off) are more likely to produce turnout gains than a holiday that addresses only schedules.",
      "Election Day should not be a national holiday; policymakers should prioritize targeted voting-access reforms instead."
    ],
    "Ass": []
  }
}

[argumentation_model] arg-a8b5b8bf9c defeats arg-77cedfa4dd
  attack: rebut on Conc — "Election Day should be a national holiday rather than being rejected in favor of alternative reforms."
  rebut established — checking whether arg-77cedfa4dd already undercuts arg-a8b5b8bf9c
  → target does not undercut the rebut: rebut succeeds, defeated
[turn] round 2 AG1 main
  id: arg-6317b671ad
Election Day should be a national holiday because the scheduling barrier is practical: school and work demands take up the same daytime hours when voting is possible, leaving many eligible voters no workable window. But for a holiday to actually fix that problem—and to avoid disadvantaging low-income shift/retail/service workers—it must translate into usable time. A national Election Day holiday can do that: holiday status gives schools a day off and strongly reshapes staffing and operating hours across the economy, which reduces the number of people who would otherwise have to choose between voting and lost wages. And because the policy goal is explicitly to remove the time barrier (not just to change symbolism), the holiday can be implemented as a real day off with clear employer accommodation so workers are not forced into an unpaid obligation while workplaces that serve them remain open.

When people can vote without losing pay or needing to squeeze voting into an unpredictable shift, Election Day becomes more than a chore—it becomes a civic practice done during a nationally recognized day for democracy. That approach is also consistent with public support (71% of Democrats and 59% of Republicans) and international practice (27 of 36 OECD countries hold elections on weekends or holidays).

[turn] round 1 AG1 defeat (rebut on Conc)
  id: arg-a412fd3c4f
  target: arg-a8b5b8bf9c
  target_statement: Election Day should not be a national holiday; policymakers should prioritize targeted voting-access reforms instead.
{
  "Argument": {
    "rules": [
      {
        "antecedent": {
          "strong": [],
          "from_rules": [],
          "weak_negation": []
        },
        "consequent": "Scheduling demands from school and work keep millions of Americans from voting on Election Day."
      },
      {
        "antecedent": {
          "strong": [
            "Scheduling demands from school and work keep millions of Americans from voting on Election Day."
          ],
          "from_rules": [
            1
          ],
          "weak_negation": []
        },
        "consequent": "Making Election Day a national holiday would reduce those scheduling barriers by giving many workers and students time to vote."
      },
      {
        "antecedent": {
          "strong": [
            "Making Election Day a national holiday would reduce those scheduling barriers by giving many workers and students time to vote."
          ],
          "from_rules": [
            2
          ],
          "weak_negation": []
        },
        "consequent": "Reducing the scheduling barrier increases the share of eligible people who are able to cast ballots on Election Day, even if other voting barriers exist."
      },
      {
        "antecedent": {
          "strong": [],
          "from_rules": [],
          "weak_negation": []
        },
        "consequent": "The proposal is broadly supported and workable: 71% of Democrats and 59% of Republicans support it, and 27 of 36 OECD countries hold elections on weekends or holidays."
      },
      {
        "antecedent": {
          "strong": [
            "Reducing the scheduling barrier increases the share of eligible people who are able to cast ballots on Election Day, even if other voting barriers exist.",
            "The proposal is broadly supported and workable: 71% of Democrats and 59% of Republicans support it, and 27 of 36 OECD countries hold elections on weekends or holidays."
          ],
          "from_rules": [
            3,
            4
          ],
          "weak_negation": []
        },
        "consequent": "Election Day should be a national holiday."
      }
    ],
    "Conc": [
      "Scheduling demands from school and work keep millions of Americans from voting on Election Day.",
      "Making Election Day a national holiday would reduce those scheduling barriers by giving many workers and students time to vote.",
      "Reducing the scheduling barrier increases the share of eligible people who are able to cast ballots on Election Day, even if other voting barriers exist.",
      "The proposal is broadly supported and workable: 71% of Democrats and 59% of Republicans support it, and 27 of 36 OECD countries hold elections on weekends or holidays.",
      "Election Day should be a national holiday."
    ],
    "Ass": []
  }
}

[argumentation_model] arg-a412fd3c4f defeats arg-a8b5b8bf9c
  attack: rebut on Conc — "Election Day should not be a national holiday; policymakers should prioritize targeted voting-access reforms instead."
  rebut established — checking whether arg-a8b5b8bf9c already undercuts arg-a412fd3c4f
  → target does not undercut the rebut: rebut succeeds, defeated
[turn] round 2 AG2 defeat (rebut on Conc)
  id: arg-9255ccd089
  target: arg-6317b671ad
  target_statement: And because the policy goal is explicitly to remove the time barrier (not just to change symbolism), the holiday can be implemented as a real day off with clear employer accommodation so workers are not forced into an unpaid obligation while workplaces that serve them remain open.
A federal “national holiday” designation does not automatically create the paid, usable time the target relies on. Federal law generally does not compel private employers to close or to provide paid time off for Election Day. As a result, in retail and other essential customer-facing services, many low-income hourly workers would still be scheduled to work on Election Day or would lose wages if they miss shifts. That means the assurance that the holiday “can be implemented as a real day off with clear employer accommodation so workers are not forced into an unpaid obligation” isn’t something the policy can reliably deliver in practice.

[argumentation_model] arg-9255ccd089 defeats arg-6317b671ad
  attack: rebut on Conc — "And because the policy goal is explicitly to remove the time barrier (not just to change symbolism), the holiday can be implemented as a real day off with clear employer accommodation so workers are not forced into an unpaid obligation while workplaces that serve them remain open."
  rebut established — checking whether arg-6317b671ad already undercuts arg-9255ccd089
  → target does not undercut the rebut: rebut succeeds, defeated
[turn] round 2 AG1 counter (rebut on Conc)
  id: arg-51b5083a44
  target: arg-9255ccd089
  target_statement: A federal “national holiday” designation does not automatically create the paid, usable time the target relies on.
A national Election Day holiday should be enacted as a concrete voting-access reform, not as a calendar change alone. If Congress designates Election Day a national holiday, the statute can also include an enforceable federal guarantee of protected time to vote (e.g., paid time off or a federally required voting-leave right). With that built into the policy, the key problem raised by the attack—workers having no usable time and losing wages—would be addressed by law, not left to whether private employers voluntarily accommodate a holiday.

[argumentation_model] arg-51b5083a44 defeats arg-9255ccd089
  attack: rebut on Conc — "A federal “national holiday” designation does not automatically create the paid, usable time the target relies on."
  → judge: no conclusion of the attack contradicts the target statement: not defeated
[turn] round 1 AG2 counter (rebut on Conc)
  id: arg-f23b6019a3
  target: arg-a412fd3c4f
  target_statement: Reducing the scheduling barrier increases the share of eligible people who are able to cast ballots on Election Day, even if other voting barriers exist.
{
  "Argument": {
    "rules": [
      {
        "antecedent": {
          "strong": [],
          "from_rules": [],
          "weak_negation": []
        },
        "consequent": "Many eligible voters can already cast ballots before Election Day through early voting and/or absentee-by-mail voting options."
      },
      {
        "antecedent": {
          "strong": [
            "Many eligible voters can already cast ballots before Election Day through early voting and/or absentee-by-mail voting options."
          ],
          "from_rules": [
            1
          ],
          "weak_negation": []
        },
        "consequent": "For these voters, making Election Day a national holiday would mainly change the timing of when they vote rather than enable additional eligible people who otherwise could not vote."
      },
      {
        "antecedent": {
          "strong": [
            "For these voters, making Election Day a national holiday would mainly change the timing of when they vote rather than enable additional eligible people who otherwise could not vote."
          ],
          "from_rules": [
            2
          ],
          "weak_negation": []
        },
        "consequent": "Therefore, reducing scheduling barriers by making Election Day a holiday would not reliably increase the share of eligible people who are able to cast ballots."
      },
      {
        "antecedent": {
          "strong": [
            "Therefore, reducing scheduling barriers by making Election Day a holiday would not reliably increase the share of eligible people who are able to cast ballots."
          ],
          "from_rules": [
            3
          ],
          "weak_negation": []
        },
        "consequent": "Election Day should not be a national holiday."
      }
    ],
    "Conc": [
      "Many eligible voters can already cast ballots before Election Day through early voting and/or absentee-by-mail voting options.",
      "For these voters, making Election Day a national holiday would mainly change the timing of when they vote rather than enable additional eligible people who otherwise could not vote.",
      "Therefore, reducing scheduling barriers by making Election Day a holiday would not reliably increase the share of eligible people who are able to cast ballots.",
      "Election Day should not be a national holiday."
    ],
    "Ass": []
  }
}

[argumentation_model] arg-f23b6019a3 defeats arg-a412fd3c4f
  attack: rebut on Conc — "Reducing the scheduling barrier increases the share of eligible people who are able to cast ballots on Election Day, even if other voting barriers exist."
  → judge: no conclusion of the attack contradicts the target statement: not defeated
[turn] round 2 AG2 main
  id: arg-2e3faf0ebc
Election Day should not be made a national holiday because the holiday is the wrong policy “unit” for solving the barrier that matters for low-income shift/retail/service workers.

To actually remove the time-and-wage constraint, voters need usable time to vote *without* losing income. A federal “national holiday” designation by itself generally does not compel private employers to close or provide paid time off, so many of the workers most constrained by rigid schedules would still be required to work or would face lost wages.

And if Congress tries to avoid that disadvantage by adding an enforceable federally required voting-leave/paid-time regime, then the decisive mechanism is no longer the holiday—it’s the leave requirement. In that case, adopting a “holiday” first is redundant: the policy impact would come from the employer time-off/voting-leave mandate, not from the calendar change.

Given that election holidays, by themselves, are not a reliably effective substitute for targeted voting-access reforms, the better path is to pursue the direct, mechanism-matching reforms—state requirements for employer time off to vote and administrative measures like automatic voter registration—rather than enacting a federal holiday that either fails to protect low-income workers or merely becomes a vehicle for a leave reform that could be enacted directly.

[system] log saved -> /var/services/masuo/Dialect-MAS/logs/experiment_20261009_022938/turns10/raw_dialogue/Elections_Presidents/election_day/01_no_schema_20261009_023347_004991.json
[turn] round 2 AG1 main
  id: arg-990236ed50
{
  "Argument": {
    "rules": [
      {
        "antecedent": {
          "strong": [],
          "from_rules": [],
          "weak_negation": []
        },
        "consequent": "Scheduling demands from school and work keep millions of Americans from voting on Election Day."
      },
      {
        "antecedent": {
          "strong": [],
          "from_rules": [],
          "weak_negation": []
        },
        "consequent": "A federal Election Day holiday can be enacted in a way that requires job- or penalty-protected time to vote (so the holiday does more than just change the calendar)."
      },
      {
        "antecedent": {
          "strong": [
            "Scheduling demands from school and work keep millions of Americans from voting on Election Day.",
            "A federal Election Day holiday can be enacted in a way that requires job- or penalty-protected time to vote (so the holiday does more than just change the calendar)."
          ],
          "from_rules": [
            1,
            2
          ],
          "weak_negation": []
        },
        "consequent": "When the schedule constraint is addressed with job- or penalty-protected time to vote, the scheduling barrier is reliably reduced for people with the least flexibility to take unpaid time—disproportionately including low-income voters."
      },
      {
        "antecedent": {
          "strong": [
            "When the schedule constraint is addressed with job- or penalty-protected time to vote, the scheduling barrier is reliably reduced for people with the least flexibility to take unpaid time—disproportionately including low-income voters."
          ],
          "from_rules": [
            3
          ],
          "weak_negation": []
        },
        "consequent": "With the scheduling barrier reliably reduced, more eligible people are able to cast ballots on Election Day."
      },
      {
        "antecedent": {
          "strong": [
            "With the scheduling barrier reliably reduced, more eligible people are able to cast ballots on Election Day."
          ],
          "from_rules": [
            4
          ],
          "weak_negation": []
        },
        "consequent": "More eligible people voting increases civic participation and strengthens democratic government."
      },
      {
        "antecedent": {
          "strong": [],
          "from_rules": [],
          "weak_negation": []
        },
        "consequent": "Making Election Day a national holiday also frames voting as civic participation rather than a burdensome task, strengthening incentives to participate."
      },
      {
        "antecedent": {
          "strong": [],
          "from_rules": [],
          "weak_negation": []
        },
        "consequent": "The measure is widely feasible and accepted: 71% of Democrats and 59% of Republicans support it, and 27 of 36 OECD countries hold elections on weekends or holidays."
      },
      {
        "antecedent": {
          "strong": [
            "More eligible people voting increases civic participation and strengthens democratic government.",
            "Making Election Day a national holiday also frames voting as civic participation rather than a burdensome task, strengthening incentives to participate.",
            "The measure is widely feasible and accepted: 71% of Democrats and 59% of Republicans support it, and 27 of 36 OECD countries hold elections on weekends or holidays."
          ],
          "from_rules": [
            5,
            6,
            7
          ],
          "weak_negation": []
        },
        "consequent": "Election Day should be a national holiday."
      }
    ],
    "Conc": [
      "Scheduling demands from school and work keep millions of Americans from voting on Election Day.",
      "A federal Election Day holiday can be enacted in a way that requires job- or penalty-protected time to vote (so the holiday does more than just change the calendar).",
      "When the schedule constraint is addressed with job- or penalty-protected time to vote, the scheduling barrier is reliably reduced for people with the least flexibility to take unpaid time—disproportionately including low-income voters.",
      "With the scheduling barrier reliably reduced, more eligible people are able to cast ballots on Election Day.",
      "More eligible people voting increases civic participation and strengthens democratic government.",
      "Making Election Day a national holiday also frames voting as civic participation rather than a burdensome task, strengthening incentives to participate.",
      "The measure is widely feasible and accepted: 71% of Democrats and 59% of Republicans support it, and 27 of 36 OECD countries hold elections on weekends or holidays.",
      "Election Day should be a national holiday."
    ],
    "Ass": []
  }
}

[turn] round 2 AG2 defeat (rebut on Conc)
  id: arg-f7c3246a1a
  target: arg-990236ed50
  target_statement: When the schedule constraint is addressed with job- or penalty-protected time to vote, the scheduling barrier is reliably reduced for people with the least flexibility to take unpaid time—disproportionately including low-income voters.
{
  "Argument": {
    "rules": [
      {
        "antecedent": {
          "strong": [],
          "from_rules": [],
          "weak_negation": []
        },
        "consequent": "A federal Election Day holiday does not require most private employers to close or provide paid (or job/penalty-protected) time to vote."
      },
      {
        "antecedent": {
          "strong": [
            "A federal Election Day holiday does not require most private employers to close or provide paid (or job/penalty-protected) time to vote."
          ],
          "from_rules": [
            1
          ],
          "weak_negation": []
        },
        "consequent": "Many workers who have the hardest time taking unpaid time to vote are employed by private retail and service employers."
      },
      {
        "antecedent": {
          "strong": [
            "Many workers who have the hardest time taking unpaid time to vote are employed by private retail and service employers."
          ],
          "from_rules": [
            2
          ],
          "weak_negation": []
        },
        "consequent": "Because those employers can keep workers scheduled (or offer only unpaid flexibility), a national Election Day holiday would not reliably reduce the scheduling barrier for low-income voters."
      },
      {
        "antecedent": {
          "strong": [
            "Because those employers can keep workers scheduled (or offer only unpaid flexibility), a national Election Day holiday would not reliably reduce the scheduling barrier for low-income voters."
          ],
          "from_rules": [
            3
          ],
          "weak_negation": []
        },
        "consequent": "Therefore, making Election Day a national holiday is not a reliable way to increase the share of low-income voters who are able to cast ballots on Election Day."
      }
    ],
    "Conc": [
      "A federal Election Day holiday does not require most private employers to close or provide paid (or job/penalty-protected) time to vote.",
      "Many workers who have the hardest time taking unpaid time to vote are employed by private retail and service employers.",
      "Because those employers can keep workers scheduled (or offer only unpaid flexibility), a national Election Day holiday would not reliably reduce the scheduling barrier for low-income voters.",
      "Therefore, making Election Day a national holiday is not a reliable way to increase the share of low-income voters who are able to cast ballots on Election Day."
    ],
    "Ass": []
  }
}

[argumentation_model] arg-f7c3246a1a defeats arg-990236ed50
  attack: rebut on Conc — "When the schedule constraint is addressed with job- or penalty-protected time to vote, the scheduling barrier is reliably reduced for people with the least flexibility to take unpaid time—disproportionately including low-income voters."
  → judge: no conclusion of the attack contradicts the target statement: not defeated
[system] log saved -> /var/services/masuo/Dialect-MAS/logs/experiment_20261009_022938/turns10/raw_dialogue/Elections_Presidents/election_day/01_schema_20261009_023440_104487.json
saved /var/services/masuo/Dialect-MAS/logs/experiment_20261009_022938/turns10/raw_dialogue/Elections_Presidents/election_day/01_schema_20261009_023440_104487.json
saved /var/services/masuo/Dialect-MAS/logs/experiment_20261009_022938/turns10/raw_dialogue/Elections_Presidents/election_day/01_no_schema_20261009_023347_004991.json
